Archive member included to satisfy reference by file (symbol)

c:/nxp/s32ds.3.5/s32ds/build_tools/gcc_v10.2/gcc-10.2-arm32-eabi/bin/../lib/gcc/arm-none-eabi/10.2.0/../../../../arm-none-eabi/lib/thumb/v7e-m+fp/hard\libc_nano.a(lib_a-memcpy-stub.o)
                              ./FreeRTOS/Source/queue.o (memcpy)
c:/nxp/s32ds.3.5/s32ds/build_tools/gcc_v10.2/gcc-10.2-arm32-eabi/bin/../lib/gcc/arm-none-eabi/10.2.0/../../../../arm-none-eabi/lib/thumb/v7e-m+fp/hard\libc_nano.a(lib_a-memmove.o)
                              ./RTD/src/Siul2_Port_Ip.o (memmove)
c:/nxp/s32ds.3.5/s32ds/build_tools/gcc_v10.2/gcc-10.2-arm32-eabi/bin/../lib/gcc/arm-none-eabi/10.2.0/../../../../arm-none-eabi/lib/thumb/v7e-m+fp/hard\libc_nano.a(lib_a-memset.o)
                              ./FreeRTOS/Source/stream_buffer.o (memset)
c:/nxp/s32ds.3.5/s32ds/build_tools/gcc_v10.2/gcc-10.2-arm32-eabi/bin/../lib/gcc/arm-none-eabi/10.2.0/../../../../arm-none-eabi/lib/thumb/v7e-m+fp/hard\libc_nano.a(lib_a-sprintf.o)
                              ./FreeRTOS/Source/tasks.o (sprintf)
c:/nxp/s32ds.3.5/s32ds/build_tools/gcc_v10.2/gcc-10.2-arm32-eabi/bin/../lib/gcc/arm-none-eabi/10.2.0/../../../../arm-none-eabi/lib/thumb/v7e-m+fp/hard\libc_nano.a(lib_a-strcpy.o)
                              ./FreeRTOS/Source/tasks.o (strcpy)
c:/nxp/s32ds.3.5/s32ds/build_tools/gcc_v10.2/gcc-10.2-arm32-eabi/bin/../lib/gcc/arm-none-eabi/10.2.0/../../../../arm-none-eabi/lib/thumb/v7e-m+fp/hard\libc_nano.a(lib_a-strlen.o)
                              ./FreeRTOS/Source/tasks.o (strlen)
c:/nxp/s32ds.3.5/s32ds/build_tools/gcc_v10.2/gcc-10.2-arm32-eabi/bin/../lib/gcc/arm-none-eabi/10.2.0/../../../../arm-none-eabi/lib/thumb/v7e-m+fp/hard\libc_nano.a(lib_a-impure.o)
                              c:/nxp/s32ds.3.5/s32ds/build_tools/gcc_v10.2/gcc-10.2-arm32-eabi/bin/../lib/gcc/arm-none-eabi/10.2.0/../../../../arm-none-eabi/lib/thumb/v7e-m+fp/hard\libc_nano.a(lib_a-sprintf.o) (_impure_ptr)
c:/nxp/s32ds.3.5/s32ds/build_tools/gcc_v10.2/gcc-10.2-arm32-eabi/bin/../lib/gcc/arm-none-eabi/10.2.0/../../../../arm-none-eabi/lib/thumb/v7e-m+fp/hard\libc_nano.a(lib_a-nano-svfprintf.o)
                              c:/nxp/s32ds.3.5/s32ds/build_tools/gcc_v10.2/gcc-10.2-arm32-eabi/bin/../lib/gcc/arm-none-eabi/10.2.0/../../../../arm-none-eabi/lib/thumb/v7e-m+fp/hard\libc_nano.a(lib_a-sprintf.o) (_svfprintf_r)
c:/nxp/s32ds.3.5/s32ds/build_tools/gcc_v10.2/gcc-10.2-arm32-eabi/bin/../lib/gcc/arm-none-eabi/10.2.0/../../../../arm-none-eabi/lib/thumb/v7e-m+fp/hard\libc_nano.a(lib_a-nano-vfprintf_i.o)
                              c:/nxp/s32ds.3.5/s32ds/build_tools/gcc_v10.2/gcc-10.2-arm32-eabi/bin/../lib/gcc/arm-none-eabi/10.2.0/../../../../arm-none-eabi/lib/thumb/v7e-m+fp/hard\libc_nano.a(lib_a-nano-svfprintf.o) (_printf_i)
c:/nxp/s32ds.3.5/s32ds/build_tools/gcc_v10.2/gcc-10.2-arm32-eabi/bin/../lib/gcc/arm-none-eabi/10.2.0/../../../../arm-none-eabi/lib/thumb/v7e-m+fp/hard\libc_nano.a(lib_a-memchr.o)
                              c:/nxp/s32ds.3.5/s32ds/build_tools/gcc_v10.2/gcc-10.2-arm32-eabi/bin/../lib/gcc/arm-none-eabi/10.2.0/../../../../arm-none-eabi/lib/thumb/v7e-m+fp/hard\libc_nano.a(lib_a-nano-svfprintf.o) (memchr)
c:/nxp/s32ds.3.5/s32ds/build_tools/gcc_v10.2/gcc-10.2-arm32-eabi/bin/../lib/gcc/arm-none-eabi/10.2.0/../../../../arm-none-eabi/lib/thumb/v7e-m+fp/hard\libc_nano.a(lib_a-nano-freer.o)
                              c:/nxp/s32ds.3.5/s32ds/build_tools/gcc_v10.2/gcc-10.2-arm32-eabi/bin/../lib/gcc/arm-none-eabi/10.2.0/../../../../arm-none-eabi/lib/thumb/v7e-m+fp/hard\libc_nano.a(lib_a-nano-svfprintf.o) (_free_r)
c:/nxp/s32ds.3.5/s32ds/build_tools/gcc_v10.2/gcc-10.2-arm32-eabi/bin/../lib/gcc/arm-none-eabi/10.2.0/../../../../arm-none-eabi/lib/thumb/v7e-m+fp/hard\libc_nano.a(lib_a-nano-mallocr.o)
                              c:/nxp/s32ds.3.5/s32ds/build_tools/gcc_v10.2/gcc-10.2-arm32-eabi/bin/../lib/gcc/arm-none-eabi/10.2.0/../../../../arm-none-eabi/lib/thumb/v7e-m+fp/hard\libc_nano.a(lib_a-nano-svfprintf.o) (_malloc_r)
c:/nxp/s32ds.3.5/s32ds/build_tools/gcc_v10.2/gcc-10.2-arm32-eabi/bin/../lib/gcc/arm-none-eabi/10.2.0/../../../../arm-none-eabi/lib/thumb/v7e-m+fp/hard\libc_nano.a(lib_a-nano-reallocr.o)
                              c:/nxp/s32ds.3.5/s32ds/build_tools/gcc_v10.2/gcc-10.2-arm32-eabi/bin/../lib/gcc/arm-none-eabi/10.2.0/../../../../arm-none-eabi/lib/thumb/v7e-m+fp/hard\libc_nano.a(lib_a-nano-svfprintf.o) (_realloc_r)
c:/nxp/s32ds.3.5/s32ds/build_tools/gcc_v10.2/gcc-10.2-arm32-eabi/bin/../lib/gcc/arm-none-eabi/10.2.0/../../../../arm-none-eabi/lib/thumb/v7e-m+fp/hard\libc_nano.a(lib_a-sbrkr.o)
                              c:/nxp/s32ds.3.5/s32ds/build_tools/gcc_v10.2/gcc-10.2-arm32-eabi/bin/../lib/gcc/arm-none-eabi/10.2.0/../../../../arm-none-eabi/lib/thumb/v7e-m+fp/hard\libc_nano.a(lib_a-nano-mallocr.o) (_sbrk_r)
[...]
Memory Configuration

Name             Origin             Length             Attributes
int_pflash       0x00400000         0x007d4000
int_dflash       0x10000000         0x00020000
int_itcm         0x00000000         0x00010000
int_dtcm         0x20000000         0x0000f000
int_stack_dtcm   0x2000f000         0x00001000
int_sram         0x20400000         0x0007ff00
int_sram_fls_rsv 0x2047ff00         0x00000100
int_sram_no_cacheable 0x20480000         0x0003bf00
int_sram_results 0x204bbf00         0x00000100
int_sram_shareable 0x204bc000         0x00004000
ram_rsvd2        0x204c0000         0x00000000
*default*        0x00000000         0xffffffff

Linker script and memory map

LOAD ./FreeRTOS/Source/croutine.o
LOAD ./FreeRTOS/Source/event_groups.o
LOAD ./FreeRTOS/Source/list.o
LOAD ./FreeRTOS/Source/queue.o
LOAD ./FreeRTOS/Source/stream_buffer.o
LOAD ./FreeRTOS/Source/tasks.o
LOAD ./FreeRTOS/Source/timers.o
LOAD ./FreeRTOS/Source/portable/GCC/ARM_CM7/r0p1/port.o
LOAD ./FreeRTOS/Source/portable/MemMang/heap_1.o
LOAD ./Project_Settings/Startup_Code/Vector_Table.o
LOAD ./Project_Settings/Startup_Code/exceptions.o
LOAD ./Project_Settings/Startup_Code/nvic.o
LOAD ./Project_Settings/Startup_Code/startup.o
LOAD ./Project_Settings/Startup_Code/startup_cm7.o
LOAD ./Project_Settings/Startup_Code/system.o
LOAD ./RTD/src/Clock_Ip.o
LOAD ./RTD/src/Clock_Ip_Data.o
LOAD ./RTD/src/Clock_Ip_Divider.o
LOAD ./RTD/src/Clock_Ip_DividerTrigger.o
LOAD ./RTD/src/Clock_Ip_ExtOsc.o
LOAD ./RTD/src/Clock_Ip_FracDiv.o
LOAD ./RTD/src/Clock_Ip_Frequency.o
LOAD ./RTD/src/Clock_Ip_Gate.o
LOAD ./RTD/src/Clock_Ip_IntOsc.o
LOAD ./RTD/src/Clock_Ip_Irq.o
LOAD ./RTD/src/Clock_Ip_Monitor.o
LOAD ./RTD/src/Clock_Ip_Pll.o
LOAD ./RTD/src/Clock_Ip_ProgFreqSwitch.o
LOAD ./RTD/src/Clock_Ip_Selector.o
LOAD ./RTD/src/Clock_Ip_Specific.o
LOAD ./RTD/src/Det.o
LOAD ./RTD/src/Det_stub.o
LOAD ./RTD/src/OsIf_Interrupts.o
LOAD ./RTD/src/OsIf_Timer.o
LOAD ./RTD/src/OsIf_Timer_System.o
LOAD ./RTD/src/OsIf_Timer_System_Internal_Systick.o
LOAD ./RTD/src/SchM_Dio.o
LOAD ./RTD/src/SchM_Mcu.o
LOAD ./RTD/src/SchM_Port.o
LOAD ./RTD/src/Siul2_Dio_Ip.o
LOAD ./RTD/src/Siul2_Port_Ip.o
LOAD ./RTD/src/Tspc_Port_Ip.o
LOAD ./board/Siul2_Port_Ip_Cfg.o
LOAD ./board/Tspc_Port_Ip_Cfg.o
LOAD ./generate/src/Clock_Ip_Cfg.o
LOAD ./generate/src/OsIf_Cfg.o
LOAD ./src/main.o
LOAD ./src/uart.o
LOAD ./src/uart_dma.o
LOAD c:/nxp/s32ds.3.5/s32ds/build_tools/gcc_v10.2/gcc-10.2-arm32-eabi/bin/../lib/gcc/arm-none-eabi/10.2.0/../../../../arm-none-eabi/lib/thumb/v7e-m+fp/hard\libc_nano.a
LOAD c:/nxp/s32ds.3.5/s32ds/build_tools/gcc_v10.2/gcc-10.2-arm32-eabi/bin/../lib/gcc/arm-none-eabi/10.2.0/../../../../arm-none-eabi/lib/thumb/v7e-m+fp/hard\libm.a
LOAD c:/nxp/s32ds.3.5/s32ds/build_tools/gcc_v10.2/gcc-10.2-arm32-eabi/bin/../lib/gcc/arm-none-eabi/10.2.0/thumb/v7e-m+fp/hard\libgcc.a
START GROUP
LOAD c:/nxp/s32ds.3.5/s32ds/build_tools/gcc_v10.2/gcc-10.2-arm32-eabi/bin/../lib/gcc/arm-none-eabi/10.2.0/thumb/v7e-m+fp/hard\libgcc.a
LOAD c:/nxp/s32ds.3.5/s32ds/build_tools/gcc_v10.2/gcc-10.2-arm32-eabi/bin/../lib/gcc/arm-none-eabi/10.2.0/../../../../arm-none-eabi/lib/thumb/v7e-m+fp/hard\libc_nano.a
END GROUP
START GROUP
LOAD c:/nxp/s32ds.3.5/s32ds/build_tools/gcc_v10.2/gcc-10.2-arm32-eabi/bin/../lib/gcc/arm-none-eabi/10.2.0/thumb/v7e-m+fp/hard\libgcc.a
LOAD c:/nxp/s32ds.3.5/s32ds/build_tools/gcc_v10.2/gcc-10.2-arm32-eabi/bin/../lib/gcc/arm-none-eabi/10.2.0/../../../../arm-none-eabi/lib/thumb/v7e-m+fp/hard\libc_nano.a
LOAD c:/nxp/s32ds.3.5/s32ds/build_tools/gcc_v10.2/gcc-10.2-arm32-eabi/bin/../lib/gcc/arm-none-eabi/10.2.0/../../../../arm-none-eabi/lib/thumb/v7e-m+fp/hard\libnosys.a
END GROUP
START GROUP
LOAD c:/nxp/s32ds.3.5/s32ds/build_tools/gcc_v10.2/gcc-10.2-arm32-eabi/bin/../lib/gcc/arm-none-eabi/10.2.0/thumb/v7e-m+fp/hard\libgcc.a
LOAD c:/nxp/s32ds.3.5/s32ds/build_tools/gcc_v10.2/gcc-10.2-arm32-eabi/bin/../lib/gcc/arm-none-eabi/10.2.0/../../../../arm-none-eabi/lib/thumb/v7e-m+fp/hard\libc_nano.a
LOAD c:/nxp/s32ds.3.5/s32ds/build_tools/gcc_v10.2/gcc-10.2-arm32-eabi/bin/../lib/gcc/arm-none-eabi/10.2.0/../../../../arm-none-eabi/lib/thumb/v7e-m+fp/hard\libnosys.a
END GROUP
                0x00002000                HEAP_SIZE = DEFINED (__heap_size__)?__heap_size__:0x2000
                0x2040ffff                __STANDBY_RAM_LIMIT_END = 0x2040ffff

.pflash         0x00400000     0xab1c
 *(.boot_header)
 .boot_header   0x00400000       0x30 ./Project_Settings/Startup_Code/startup_cm7.o
                0x00400800                . = ALIGN (0x800)
 *fill*         0x00400030      0x7d0 
                0x00400800                __text_start = .
                0x00400800                __interrupts_init_start = .
 *(.intc_vector)
 .intc_vector   0x00400800      0x408 ./Project_Settings/Startup_Code/Vector_Table.o
                0x00400800                VTABLE
                0x00400c08                . = ALIGN (0x4)
                0x00400c08                __interrupts_init_end = .
 *(.core_loop)
 .core_loop     0x00400c08        0xc ./Project_Settings/Startup_Code/startup_cm7.o
                0x00400c08                _core_loop
                0x00400c14                . = ALIGN (0x4)
 *(.startup)
 *fill*         0x00400c14        0xc 
 .startup       0x00400c20      0x1dc ./Project_Settings/Startup_Code/startup_cm7.o
                0x00400c20                Reset_Handler
                0x00400c20                _start
                0x00400d8c                MCAL_LTB_TRACE_OFF
                0x00400d8e                _end_of_eunit_test
                0x00400dfc                . = ALIGN (0x4)
 *(.systeminit)
                0x00400dfc                . = ALIGN (0x4)
 *(.text.startup)
 .text.startup  0x00400dfc       0x78 ./src/main.o
                0x00400dfc                main
                0x00400e74                . = ALIGN (0x4)
 *(.text)
 .text          0x00400e74        0x0 ./FreeRTOS/Source/croutine.o
 .text          0x00400e74      0x3b0 ./FreeRTOS/Source/event_groups.o
                0x00400e74                xEventGroupCreate
                0x00400e8e                xEventGroupWaitBits
                0x00400fae                xEventGroupClearBits
                0x00400ffc                vEventGroupClearBitsCallback
                0x00401000                xEventGroupClearBitsFromISR
                0x00401010                xEventGroupGetBitsFromISR
                0x00401030                xEventGroupSetBits
                0x004010be                xEventGroupSync
                0x004011a6                vEventGroupSetBitsCallback
                0x004011aa                vEventGroupDelete
                0x00401206                xEventGroupSetBitsFromISR
                0x00401218                uxEventGroupGetNumber
                0x0040121e                vEventGroupSetNumber
 .text          0x00401224       0x82 ./FreeRTOS/Source/list.o
                0x00401224                vListInitialise
                0x0040123a                vListInitialiseItem
                0x00401240                vListInsertEnd
                0x00401258                vListInsert
                0x00401286                uxListRemove
 *fill*         0x004012a6        0x2 
 .text          0x004012a8      0xdfc ./FreeRTOS/Source/queue.o
                0x004013c2                xQueueGenericReset
                0x00401464                xQueueGenericCreate
                0x004014bc                xQueueGetMutexHolder
                0x004014ee                xQueueGetMutexHolderFromISR
                0x00401512                xQueueCreateCountingSemaphore
                0x00401540                xQueueGenericSend
                0x004016b6                xQueueCreateMutex
                0x004016da                xQueueGiveMutexRecursive
                0x0040171a                xQueueGenericSendFromISR
                0x00401810                xQueueGiveFromISR
                0x004018ea                xQueueReceive
                0x00401a34                xQueueSemaphoreTake
                0x00401bb2                xQueueTakeMutexRecursive
                0x00401bfa                xQueuePeek
                0x00401d44                xQueueReceiveFromISR
                0x00401e12                xQueuePeekFromISR
                0x00401e98                uxQueueMessagesWaiting
                0x00401ec6                uxQueueSpacesAvailable
                0x00401ef8                uxQueueMessagesWaitingFromISR
                0x00401f14                uxQueueGetQueueNumber
                0x00401f18                vQueueSetQueueNumber
                0x00401f1c                ucQueueGetQueueType
                0x00401f22                xQueueIsQueueEmptyFromISR
                0x00401f44                xQueueIsQueueFullFromISR
                0x00401f68                vQueueAddToRegistry
                0x00401fbc                pcQueueGetName
                0x00401ff8                vQueueUnregisterQueue
                0x00402038                vQueueDelete
                0x0040205e                vQueueWaitForMessageRestricted
 .text          0x004020a4      0x82a ./FreeRTOS/Source/stream_buffer.o
                0x00402272                xStreamBufferGenericCreate
                0x00402300                vStreamBufferDelete
                0x0040232a                xStreamBufferReset
                0x0040237a                xStreamBufferSetTriggerLevel
                0x004023a6                xStreamBufferSpacesAvailable
                0x004023dc                xStreamBufferBytesAvailable
                0x004023f6                xStreamBufferSend
                0x0040252e                xStreamBufferSendFromISR
                0x004025d6                xStreamBufferReceive
                0x004026c4                xStreamBufferNextMessageLengthBytes
                0x0040271e                xStreamBufferReceiveFromISR
                0x004027ba                xStreamBufferIsEmpty
                0x004027de                xStreamBufferIsFull
                0x00402812                xStreamBufferSendCompletedFromISR
                0x00402868                xStreamBufferReceiveCompletedFromISR
                0x004028be                uxStreamBufferGetStreamBufferNumber
                0x004028c2                vStreamBufferSetStreamBufferNumber
                0x004028c6                ucStreamBufferGetStreamBufferType
 *fill*         0x004028ce        0x2 
 .text          0x004028d0     0x1b14 ./FreeRTOS/Source/tasks.o
                0x00402a44                xTaskCreate
                0x00402be8                vTaskDelete
                0x00402c90                eTaskGetState
                0x00402d0c                uxTaskPriorityGet
                0x00402d2c                uxTaskPriorityGetFromISR
                0x00402d60                vTaskPrioritySet
                0x00402e3c                vTaskResume
                0x00402ed0                xTaskResumeFromISR
                0x00402f8c                vTaskStartScheduler
                0x00403008                vTaskEndScheduler
                0x0040302c                vTaskSuspendAll
                0x00403040                xTaskGetTickCount
                0x0040304c                xTaskGetTickCountFromISR
                0x0040305c                uxTaskGetNumberOfTasks
                0x00403068                pcTaskGetName
                0x00403090                xTaskIncrementTick
                0x004031d0                xTaskResumeAll
                0x004032f4                xTaskDelayUntil
                0x00403398                vTaskDelay
                0x004033e8                xTaskGetHandle
                0x0040346c                xTaskCatchUpTicks
                0x004034b0                xTaskAbortDelay
                0x0040354c                vTaskSwitchContext
                0x004035bc                vTaskSuspend
                0x00403664                vTaskPlaceOnEventList
                0x0040369c                vTaskPlaceOnUnorderedEventList
                0x00403710                vTaskPlaceOnEventListRestricted
                0x00403770                xTaskRemoveFromEventList
                0x0040383c                vTaskRemoveFromUnorderedEventList
                0x004038fc                vTaskSetTimeOutState
                0x00403934                vTaskInternalSetTimeOutState
                0x00403948                xTaskCheckForTimeOut
                0x004039d8                vTaskMissedYield
                0x004039e8                uxTaskGetTaskNumber
                0x004039ee                vTaskSetTaskNumber
                0x004039f4                vTaskGetInfo
                0x00403acc                uxTaskGetSystemState
                0x00403b64                uxTaskGetStackHighWaterMark
                0x00403b84                xTaskGetCurrentTaskHandle
                0x00403b90                xTaskGetSchedulerState
                0x00403bb0                xTaskPriorityInherit
                0x00403c40                xTaskPriorityDisinherit
                0x00403cdc                vTaskPriorityDisinheritAfterTimeout
                0x00403d8c                vTaskList
                0x00403e50                uxTaskResetEventItemValue
                0x00403e68                pvTaskIncrementMutexHeldCount
                0x00403e80                ulTaskGenericNotifyTake
                0x00403efc                xTaskGenericNotifyWait
                0x00403fa4                xTaskGenericNotify
                0x004040d0                xTaskGenericNotifyFromISR
                0x00404244                vTaskGenericNotifyGiveFromISR
                0x0040436c                xTaskGenericNotifyStateClear
                0x004043b4                ulTaskGenericNotifyValueClear
 .text          0x004043e4      0x580 ./FreeRTOS/Source/timers.o
                0x00404670                xTimerCreateTimerTask
                0x004046bc                xTimerCreate
                0x0040471a                xTimerGenericCommand
                0x00404774                xTimerGetTimerDaemonTaskHandle
                0x00404798                xTimerGetPeriod
                0x004047b4                vTimerSetReloadMode
                0x004047f2                xTimerGetReloadMode
                0x00404826                uxTimerGetReloadMode
                0x0040482a                xTimerGetExpiryTime
                0x00404846                pcTimerGetName
                0x00404862                xTimerIsTimerActive
                0x00404896                pvTimerGetTimerID
                0x004048c4                vTimerSetTimerID
                0x004048f0                xTimerPendFunctionCallFromISR
                0x00404918                xTimerPendFunctionCall
                0x0040495c                uxTimerGetTimerNumber
                0x00404960                vTimerSetTimerNumber
 *fill*         0x00404964        0xc 
 .text          0x00404970      0x33c ./FreeRTOS/Source/portable/GCC/ARM_CM7/r0p1/port.o
                0x004049f4                pxPortInitialiseStack
                0x00404a18                SVC_Handler
                0x00404a44                vPortEndScheduler
                0x00404a6c                vPortEnterCritical
                0x00404ab4                vPortExitCritical
                0x00404ae0                PendSV_Handler
                0x00404b44                SysTick_Handler
                0x00404b74                vPortSetupTimerInterrupt
                0x00404b8c                xPortStartScheduler
                0x00404c50                vPortValidateInterruptPriority
 .text          0x00404cac       0x8c ./FreeRTOS/Source/portable/MemMang/heap_1.o
                0x00404cac                pvPortMalloc
                0x00404d00                vPortFree
                0x00404d1a                vPortInitialiseBlocks
                0x00404d28                xPortGetFreeHeapSize
 .text          0x00404d38        0x0 ./Project_Settings/Startup_Code/Vector_Table.o
 .text          0x00404d38        0x0 ./Project_Settings/Startup_Code/exceptions.o
 .text          0x00404d38        0x0 ./Project_Settings/Startup_Code/nvic.o
 .text          0x00404d38        0x0 ./Project_Settings/Startup_Code/startup.o
 .text          0x00404d38        0x0 ./Project_Settings/Startup_Code/startup_cm7.o
 .text          0x00404d38       0x10 ./Project_Settings/Startup_Code/system.o
                0x00404d38                Sys_GetCoreID
 .text          0x00404d48        0x0 ./RTD/src/Clock_Ip.o
 .text          0x00404d48        0x0 ./RTD/src/Clock_Ip_Data.o
 .text          0x00404d48        0x0 ./RTD/src/Clock_Ip_Divider.o
 .text          0x00404d48        0x0 ./RTD/src/Clock_Ip_DividerTrigger.o
 .text          0x00404d48        0x0 ./RTD/src/Clock_Ip_ExtOsc.o
 .text          0x00404d48        0x0 ./RTD/src/Clock_Ip_FracDiv.o
 .text          0x00404d48        0x0 ./RTD/src/Clock_Ip_Frequency.o
 .text          0x00404d48        0x0 ./RTD/src/Clock_Ip_Gate.o
 .text          0x00404d48        0x0 ./RTD/src/Clock_Ip_IntOsc.o
 .text          0x00404d48        0x0 ./RTD/src/Clock_Ip_Irq.o
 .text          0x00404d48        0x0 ./RTD/src/Clock_Ip_Monitor.o
 .text          0x00404d48        0x0 ./RTD/src/Clock_Ip_Pll.o
 .text          0x00404d48        0x0 ./RTD/src/Clock_Ip_ProgFreqSwitch.o
 .text          0x00404d48        0x0 ./RTD/src/Clock_Ip_Selector.o
 .text          0x00404d48        0x0 ./RTD/src/Clock_Ip_Specific.o
 .text          0x00404d48        0x0 ./RTD/src/Det.o
 .text          0x00404d48        0x0 ./RTD/src/Det_stub.o
 .text          0x00404d48        0x0 ./RTD/src/OsIf_Interrupts.o
 .text          0x00404d48        0x0 ./RTD/src/OsIf_Timer.o
 .text          0x00404d48        0x0 ./RTD/src/OsIf_Timer_System.o
 .text          0x00404d48        0x0 ./RTD/src/OsIf_Timer_System_Internal_Systick.o
 .text          0x00404d48        0x6 ./RTD/src/SchM_Dio.o
                0x00404d48                Dio_schm_read_msr
 .text          0x00404d4e        0x6 ./RTD/src/SchM_Mcu.o
                0x00404d4e                Mcu_schm_read_msr
 .text          0x00404d54        0x6 ./RTD/src/SchM_Port.o
                0x00404d54                Port_schm_read_msr
 .text          0x00404d5a       0x14 ./RTD/src/Siul2_Dio_Ip.o
 .text          0x00404d6e       0x14 ./RTD/src/Siul2_Port_Ip.o
 .text          0x00404d82        0x0 ./RTD/src/Tspc_Port_Ip.o
 .text          0x00404d82        0x0 ./board/Siul2_Port_Ip_Cfg.o
 .text          0x00404d82        0x0 ./board/Tspc_Port_Ip_Cfg.o
 .text          0x00404d82        0x0 ./generate/src/Clock_Ip_Cfg.o
 .text          0x00404d82        0x0 ./generate/src/OsIf_Cfg.o
 *fill*         0x00404d82        0x2 
 .text          0x00404d84       0x6c ./src/main.o
                0x00404d84                LoggerTask
                0x00404da4                PrinterTask
                0x00404dd4                DMA_handler
                0x00404dec                LPUART_handler
 .text          0x00404df0       0x50 ./src/uart.o
                0x00404df0                UART_printf
                0x00404e04                UART_echo
                0x00404e10                UART_init
 .text          0x00404e40       0x54 ./src/uart_dma.o
                0x00404e40                DMA_UART_setup
                0x00404e84                DMA_start
 .text          0x00404e94        0x0 c:/nxp/s32ds.3.5/s32ds/build_tools/gcc_v10.2/gcc-10.2-arm32-eabi/bin/../lib/gcc/arm-none-eabi/10.2.0/../../../../arm-none-eabi/lib/thumb/v7e-m+fp/hard\libc_nano.a(lib_a-memcpy-stub.o)
 .text          0x00404e94        0x0 c:/nxp/s32ds.3.5/s32ds/build_tools/gcc_v10.2/gcc-10.2-arm32-eabi/bin/../lib/gcc/arm-none-eabi/10.2.0/../../../../arm-none-eabi/lib/thumb/v7e-m+fp/hard\libc_nano.a(lib_a-memmove.o)
 .text          0x00404e94        0x0 c:/nxp/s32ds.3.5/s32ds/build_tools/gcc_v10.2/gcc-10.2-arm32-eabi/bin/../lib/gcc/arm-none-eabi/10.2.0/../../../../arm-none-eabi/lib/thumb/v7e-m+fp/hard\libc_nano.a(lib_a-memset.o)
 .text          0x00404e94        0x0 c:/nxp/s32ds.3.5/s32ds/build_tools/gcc_v10.2/gcc-10.2-arm32-eabi/bin/../lib/gcc/arm-none-eabi/10.2.0/../../../../arm-none-eabi/lib/thumb/v7e-m+fp/hard\libc_nano.a(lib_a-sprintf.o)
 .text          0x00404e94        0x0 c:/nxp/s32ds.3.5/s32ds/build_tools/gcc_v10.2/gcc-10.2-arm32-eabi/bin/../lib/gcc/arm-none-eabi/10.2.0/../../../../arm-none-eabi/lib/thumb/v7e-m+fp/hard\libc_nano.a(lib_a-strcpy.o)
 .text          0x00404e94       0x10 c:/nxp/s32ds.3.5/s32ds/build_tools/gcc_v10.2/gcc-10.2-arm32-eabi/bin/../lib/gcc/arm-none-eabi/10.2.0/../../../../arm-none-eabi/lib/thumb/v7e-m+fp/hard\libc_nano.a(lib_a-strlen.o)
                0x00404e94                strlen
 .text          0x00404ea4        0x0 c:/nxp/s32ds.3.5/s32ds/build_tools/gcc_v10.2/gcc-10.2-arm32-eabi/bin/../lib/gcc/arm-none-eabi/10.2.0/../../../../arm-none-eabi/lib/thumb/v7e-m+fp/hard\libc_nano.a(lib_a-impure.o)
 .text          0x00404ea4        0x0 c:/nxp/s32ds.3.5/s32ds/build_tools/gcc_v10.2/gcc-10.2-arm32-eabi/bin/../lib/gcc/arm-none-eabi/10.2.0/../../../../arm-none-eabi/lib/thumb/v7e-m+fp/hard\libc_nano.a(lib_a-nano-svfprintf.o)
 .text          0x00404ea4        0x0 c:/nxp/s32ds.3.5/s32ds/build_tools/gcc_v10.2/gcc-10.2-arm32-eabi/bin/../lib/gcc/arm-none-eabi/10.2.0/../../../../arm-none-eabi/lib/thumb/v7e-m+fp/hard\libc_nano.a(lib_a-nano-vfprintf_i.o)
 *fill*         0x00404ea4        0xc 
 .text          0x00404eb0       0xa0 c:/nxp/s32ds.3.5/s32ds/build_tools/gcc_v10.2/gcc-10.2-arm32-eabi/bin/../lib/gcc/arm-none-eabi/10.2.0/../../../../arm-none-eabi/lib/thumb/v7e-m+fp/hard\libc_nano.a(lib_a-memchr.o)
                0x00404eb0                memchr
 .text          0x00404f50        0x0 c:/nxp/s32ds.3.5/s32ds/build_tools/gcc_v10.2/gcc-10.2-arm32-eabi/bin/../lib/gcc/arm-none-eabi/10.2.0/../../../../arm-none-eabi/lib/thumb/v7e-m+fp/hard\libc_nano.a(lib_a-nano-freer.o)
 .text          0x00404f50        0x0 c:/nxp/s32ds.3.5/s32ds/build_tools/gcc_v10.2/gcc-10.2-arm32-eabi/bin/../lib/gcc/arm-none-eabi/10.2.0/../../../../arm-none-eabi/lib/thumb/v7e-m+fp/hard\libc_nano.a(lib_a-nano-mallocr.o)
 .text          0x00404f50        0x0 c:/nxp/s32ds.3.5/s32ds/build_tools/gcc_v10.2/gcc-10.2-arm32-eabi/bin/../lib/gcc/arm-none-eabi/10.2.0/../../../../arm-none-eabi/lib/thumb/v7e-m+fp/hard\libc_nano.a(lib_a-nano-reallocr.o)
 .text          0x00404f50        0x0 c:/nxp/s32ds.3.5/s32ds/build_tools/gcc_v10.2/gcc-10.2-arm32-eabi/bin/../lib/gcc/arm-none-eabi/10.2.0/../../../../arm-none-eabi/lib/thumb/v7e-m+fp/hard\libc_nano.a(lib_a-sbrkr.o)
 .text          0x00404f50        0x0 c:/nxp/s32ds.3.5/s32ds/build_tools/gcc_v10.2/gcc-10.2-arm32-eabi/bin/../lib/gcc/arm-none-eabi/10.2.0/../../../../arm-none-eabi/lib/thumb/v7e-m+fp/hard\libc_nano.a(lib_a-mlock.o)
 .text          0x00404f50        0x0 c:/nxp/s32ds.3.5/s32ds/build_tools/gcc_v10.2/gcc-10.2-arm32-eabi/bin/../lib/gcc/arm-none-eabi/10.2.0/../../../../arm-none-eabi/lib/thumb/v7e-m+fp/hard\libc_nano.a(lib_a-nano-msizer.o)
 .text          0x00404f50        0x0 c:/nxp/s32ds.3.5/s32ds/build_tools/gcc_v10.2/gcc-10.2-arm32-eabi/bin/../lib/gcc/arm-none-eabi/10.2.0/../../../../arm-none-eabi/lib/thumb/v7e-m+fp/hard\libc_nano.a(lib_a-reent.o)
 .text          0x00404f50        0x0 c:/nxp/s32ds.3.5/s32ds/build_tools/gcc_v10.2/gcc-10.2-arm32-eabi/bin/../lib/gcc/arm-none-eabi/10.2.0/../../../../arm-none-eabi/lib/thumb/v7e-m+fp/hard\libnosys.a(sbrk.o)
 *(.text*)
 .text.memcpy   0x00404f50       0x1c c:/nxp/s32ds.3.5/s32ds/build_tools/gcc_v10.2/gcc-10.2-arm32-eabi/bin/../lib/gcc/arm-none-eabi/10.2.0/../../../../arm-none-eabi/lib/thumb/v7e-m+fp/hard\libc_nano.a(lib_a-memcpy-stub.o)
                0x00404f50                memcpy
 .text.memmove  0x00404f6c       0x34 c:/nxp/s32ds.3.5/s32ds/build_tools/gcc_v10.2/gcc-10.2-arm32-eabi/bin/../lib/gcc/arm-none-eabi/10.2.0/../../../../arm-none-eabi/lib/thumb/v7e-m+fp/hard\libc_nano.a(lib_a-memmove.o)
                0x00404f6c                memmove
 .text.memset   0x00404fa0       0x10 c:/nxp/s32ds.3.5/s32ds/build_tools/gcc_v10.2/gcc-10.2-arm32-eabi/bin/../lib/gcc/arm-none-eabi/10.2.0/../../../../arm-none-eabi/lib/thumb/v7e-m+fp/hard\libc_nano.a(lib_a-memset.o)
                0x00404fa0                memset
 .text._sprintf_r
                0x00404fb0       0x38 c:/nxp/s32ds.3.5/s32ds/build_tools/gcc_v10.2/gcc-10.2-arm32-eabi/bin/../lib/gcc/arm-none-eabi/10.2.0/../../../../arm-none-eabi/lib/thumb/v7e-m+fp/hard\libc_nano.a(lib_a-sprintf.o)
                0x00404fb0                _sprintf_r
                0x00404fb0                _siprintf_r
 .text.sprintf  0x00404fe8       0x40 c:/nxp/s32ds.3.5/s32ds/build_tools/gcc_v10.2/gcc-10.2-arm32-eabi/bin/../lib/gcc/arm-none-eabi/10.2.0/../../../../arm-none-eabi/lib/thumb/v7e-m+fp/hard\libc_nano.a(lib_a-sprintf.o)
                0x00404fe8                siprintf
                0x00404fe8                sprintf
 .text.strcpy   0x00405028       0x10 c:/nxp/s32ds.3.5/s32ds/build_tools/gcc_v10.2/gcc-10.2-arm32-eabi/bin/../lib/gcc/arm-none-eabi/10.2.0/../../../../arm-none-eabi/lib/thumb/v7e-m+fp/hard\libc_nano.a(lib_a-strcpy.o)
                0x00405028                strcpy
 .text.__ssputs_r
                0x00405038       0xb6 c:/nxp/s32ds.3.5/s32ds/build_tools/gcc_v10.2/gcc-10.2-arm32-eabi/bin/../lib/gcc/arm-none-eabi/10.2.0/../../../../arm-none-eabi/lib/thumb/v7e-m+fp/hard\libc_nano.a(lib_a-nano-svfprintf.o)
                0x00405038                __ssputs_r
 .text.__ssprint_r
                0x004050ee       0xf6 c:/nxp/s32ds.3.5/s32ds/build_tools/gcc_v10.2/gcc-10.2-arm32-eabi/bin/../lib/gcc/arm-none-eabi/10.2.0/../../../../arm-none-eabi/lib/thumb/v7e-m+fp/hard\libc_nano.a(lib_a-nano-svfprintf.o)
                0x004050ee                __ssprint_r
 .text._svfprintf_r
                0x004051e4      0x200 c:/nxp/s32ds.3.5/s32ds/build_tools/gcc_v10.2/gcc-10.2-arm32-eabi/bin/../lib/gcc/arm-none-eabi/10.2.0/../../../../arm-none-eabi/lib/thumb/v7e-m+fp/hard\libc_nano.a(lib_a-nano-svfprintf.o)
                0x004051e4                _svfiprintf_r
                0x004051e4                _svfprintf_r
 .text._printf_common
                0x004053e4       0xda c:/nxp/s32ds.3.5/s32ds/build_tools/gcc_v10.2/gcc-10.2-arm32-eabi/bin/../lib/gcc/arm-none-eabi/10.2.0/../../../../arm-none-eabi/lib/thumb/v7e-m+fp/hard\libc_nano.a(lib_a-nano-vfprintf_i.o)
                0x004053e4                _printf_common
 *fill*         0x004054be        0x2 
 .text._printf_i
                0x004054c0      0x24c c:/nxp/s32ds.3.5/s32ds/build_tools/gcc_v10.2/gcc-10.2-arm32-eabi/bin/../lib/gcc/arm-none-eabi/10.2.0/../../../../arm-none-eabi/lib/thumb/v7e-m+fp/hard\libc_nano.a(lib_a-nano-vfprintf_i.o)
                0x004054c0                _printf_i
 .text._free_r  0x0040570c       0x98 c:/nxp/s32ds.3.5/s32ds/build_tools/gcc_v10.2/gcc-10.2-arm32-eabi/bin/../lib/gcc/arm-none-eabi/10.2.0/../../../../arm-none-eabi/lib/thumb/v7e-m+fp/hard\libc_nano.a(lib_a-nano-freer.o)
                0x0040570c                _free_r
 .text._malloc_r
                0x004057a4       0xb4 c:/nxp/s32ds.3.5/s32ds/build_tools/gcc_v10.2/gcc-10.2-arm32-eabi/bin/../lib/gcc/arm-none-eabi/10.2.0/../../../../arm-none-eabi/lib/thumb/v7e-m+fp/hard\libc_nano.a(lib_a-nano-mallocr.o)
                0x004057a4                _malloc_r
 .text._realloc_r
                0x00405858       0x4c c:/nxp/s32ds.3.5/s32ds/build_tools/gcc_v10.2/gcc-10.2-arm32-eabi/bin/../lib/gcc/arm-none-eabi/10.2.0/../../../../arm-none-eabi/lib/thumb/v7e-m+fp/hard\libc_nano.a(lib_a-nano-reallocr.o)
                0x00405858                _realloc_r
 .text._sbrk_r  0x004058a4       0x20 c:/nxp/s32ds.3.5/s32ds/build_tools/gcc_v10.2/gcc-10.2-arm32-eabi/bin/../lib/gcc/arm-none-eabi/10.2.0/../../../../arm-none-eabi/lib/thumb/v7e-m+fp/hard\libc_nano.a(lib_a-sbrkr.o)
                0x004058a4                _sbrk_r
 .text.__malloc_lock
                0x004058c4        0x2 c:/nxp/s32ds.3.5/s32ds/build_tools/gcc_v10.2/gcc-10.2-arm32-eabi/bin/../lib/gcc/arm-none-eabi/10.2.0/../../../../arm-none-eabi/lib/thumb/v7e-m+fp/hard\libc_nano.a(lib_a-mlock.o)
                0x004058c4                __malloc_lock
 .text.__malloc_unlock
                0x004058c6        0x2 c:/nxp/s32ds.3.5/s32ds/build_tools/gcc_v10.2/gcc-10.2-arm32-eabi/bin/../lib/gcc/arm-none-eabi/10.2.0/../../../../arm-none-eabi/lib/thumb/v7e-m+fp/hard\libc_nano.a(lib_a-mlock.o)
                0x004058c6                __malloc_unlock
 .text._malloc_usable_size_r
                0x004058c8       0x10 c:/nxp/s32ds.3.5/s32ds/build_tools/gcc_v10.2/gcc-10.2-arm32-eabi/bin/../lib/gcc/arm-none-eabi/10.2.0/../../../../arm-none-eabi/lib/thumb/v7e-m+fp/hard\libc_nano.a(lib_a-nano-msizer.o)
                0x004058c8                _malloc_usable_size_r
 .text.cleanup_glue
                0x004058d8       0x1a c:/nxp/s32ds.3.5/s32ds/build_tools/gcc_v10.2/gcc-10.2-arm32-eabi/bin/../lib/gcc/arm-none-eabi/10.2.0/../../../../arm-none-eabi/lib/thumb/v7e-m+fp/hard\libc_nano.a(lib_a-reent.o)
                0x004058d8                cleanup_glue
 *fill*         0x004058f2        0x2 
 .text._reclaim_reent
                0x004058f4       0xb8 c:/nxp/s32ds.3.5/s32ds/build_tools/gcc_v10.2/gcc-10.2-arm32-eabi/bin/../lib/gcc/arm-none-eabi/10.2.0/../../../../arm-none-eabi/lib/thumb/v7e-m+fp/hard\libc_nano.a(lib_a-reent.o)
                0x004058f4                _reclaim_reent
 .text._sbrk    0x004059ac       0x1c c:/nxp/s32ds.3.5/s32ds/build_tools/gcc_v10.2/gcc-10.2-arm32-eabi/bin/../lib/gcc/arm-none-eabi/10.2.0/../../../../arm-none-eabi/lib/thumb/v7e-m+fp/hard\libnosys.a(sbrk.o)
                0x004059ac                _sbrk
                0x004059c8                . = ALIGN (0x4)
 *(.mcal_text)
 .mcal_text     0x004059c8       0x14 ./Project_Settings/Startup_Code/exceptions.o
                0x004059c8                NMI_Handler
                0x004059ca                HardFault_Handler
                0x004059cc                MemManage_Handler
                0x004059ce                BusFault_Handler
                0x004059d0                UsageFault_Handler
                0x004059d4                DebugMon_Handler
                0x004059da                undefined_handler
 .mcal_text     0x004059dc       0x52 ./Project_Settings/Startup_Code/nvic.o
                0x004059dc                NVIC_SetPriorityGrouping
                0x004059f0                NVIC_EnableIRQ
                0x00405a08                NVIC_DisableIRQ
                0x00405a20                NVIC_SetPriority
 *fill*         0x00405a2e        0x2 
 .mcal_text     0x00405a30       0xe8 ./Project_Settings/Startup_Code/startup.o
                0x00405a30                init_data_bss
                0x00405abc                init_data_bss_core2
 .mcal_text     0x00405b18      0x2f8 ./Project_Settings/Startup_Code/system.o
                0x00405b18                startup_go_to_user_mode
                0x00405b1a                default_interrupt_routine
                0x00405b1c                SystemInit
 .mcal_text     0x00405e10      0x88c ./RTD/src/Clock_Ip.o
                0x00405e12                Clock_Ip_InitClock
                0x004063c0                Clock_Ip_GetPllStatus
                0x00406464                Clock_Ip_DistributePll
                0x00406550                Clock_Ip_Init
                0x00406574                Clock_Ip_DisableClockMonitor
                0x00406598                Clock_Ip_InstallNotificationsCallback
                0x004065a4                Clock_Ip_DisableModuleClock
                0x004065cc                Clock_Ip_EnableModuleClock
                0x004065f4                Clock_Ip_DisableFircInStandby
                0x0040660c                Clock_Ip_EnableFircInStandby
                0x00406624                Clock_Ip_DisableSircInStandby
                0x0040663c                Clock_Ip_EnableSircInStandby
                0x00406654                Clock_Ip_ReportClockErrors
                0x00406660                Clock_Ip_StartTimeout
                0x00406680                Clock_Ip_TimeoutExpired
 .mcal_text     0x0040669c      0x120 ./RTD/src/Clock_Ip_Divider.o
 .mcal_text     0x004067bc       0x9c ./RTD/src/Clock_Ip_DividerTrigger.o
 .mcal_text     0x00406858      0x1c4 ./RTD/src/Clock_Ip_ExtOsc.o
 .mcal_text     0x00406a1c        0x6 ./RTD/src/Clock_Ip_FracDiv.o
 .mcal_text     0x00406a22        0x2 ./RTD/src/Clock_Ip_Frequency.o
                0x00406a22                Clock_Ip_SetExternalSignalFrequency
 .mcal_text     0x00406a24      0x128 ./RTD/src/Clock_Ip_Gate.o
 .mcal_text     0x00406b4c      0x104 ./RTD/src/Clock_Ip_IntOsc.o
 .mcal_text     0x00406c50        0x4 ./RTD/src/Clock_Ip_Irq.o
                0x00406c50                Mcu_Cmu_ClockFail_IRQHandler
 .mcal_text     0x00406c54      0x204 ./RTD/src/Clock_Ip_Monitor.o
                0x00406e00                Clock_Ip_CMU_GetInterruptStatus
                0x00406e14                Clock_Ip_CMU_ClockFailInt
 .mcal_text     0x00406e58      0x1c8 ./RTD/src/Clock_Ip_Pll.o
 .mcal_text     0x00407020      0x154 ./RTD/src/Clock_Ip_ProgFreqSwitch.o
 .mcal_text     0x00407174      0x3dc ./RTD/src/Clock_Ip_Selector.o
                0x00407524                Clock_Ip_SetRtcRtccClksel_TrustedCall
 .mcal_text     0x00407550      0x32c ./RTD/src/Clock_Ip_Specific.o
                0x00407550                Clock_Ip_McMeEnterKey
                0x00407564                Clock_Ip_PowerClockIpModules
                0x004077c8                DisableFircInStandbyMode
                0x004077d8                EnableFircInStandbyMode
                0x004077f4                DisableSircInStandbyMode
                0x00407804                EnableSircInStandbyMode
                0x00407820                Clock_Ip_Command
                0x00407870                Clock_Ip_FLASH_SetFlashIWS
                0x00407874                Clock_Ip_SetFlashWaitStates
                0x00407878                Clock_Ip_SetRamWaitStates
 .mcal_text     0x0040787c       0xa4 ./RTD/src/Det.o
                0x0040787c                Det_Init
                0x0040787e                Det_ReportError
                0x004078b4                Det_ReportRuntimeError
                0x004078e8                Det_ReportTransientFault
                0x0040791c                Det_Start
 .mcal_text     0x00407920      0x21c ./RTD/src/Det_stub.o
                0x00407920                Det_TestLastReportError
                0x00407988                Det_TestLastReportRuntimeError
                0x004079f0                Det_TestLastReportTransientFault
                0x00407a58                Det_TestNoError
                0x00407aa4                Det_TestNoRuntimeError
                0x00407af0                Det_TestNoTransientFault
 .mcal_text     0x00407b3c       0x1e ./RTD/src/OsIf_Timer.o
                0x00407b3c                OsIf_Init
                0x00407b44                OsIf_GetCounter
                0x00407b48                OsIf_GetElapsed
                0x00407b50                OsIf_SetTimerFrequency
                0x00407b52                OsIf_MicrosToTicks
 .mcal_text     0x00407b5a       0x42 ./RTD/src/OsIf_Timer_System_Internal_Systick.o
                0x00407b5a                OsIf_Timer_System_Internal_Init
                0x00407b70                OsIf_Timer_System_Internal_GetCounter
                0x00407b7c                OsIf_Timer_System_Internal_GetElapsed
 .mcal_text     0x00407b9c       0xc8 ./RTD/src/SchM_Dio.o
                0x00407b9c                SchM_Enter_Dio_DIO_EXCLUSIVE_AREA_00
                0x00407bd0                SchM_Exit_Dio_DIO_EXCLUSIVE_AREA_00
                0x00407c00                SchM_Enter_Dio_DIO_EXCLUSIVE_AREA_01
                0x00407c34                SchM_Exit_Dio_DIO_EXCLUSIVE_AREA_01
 .mcal_text     0x00407c64      0x12c ./RTD/src/SchM_Mcu.o
                0x00407c64                SchM_Enter_Mcu_MCU_EXCLUSIVE_AREA_00
                0x00407c98                SchM_Exit_Mcu_MCU_EXCLUSIVE_AREA_00
                0x00407cc8                SchM_Enter_Mcu_MCU_EXCLUSIVE_AREA_01
                0x00407cfc                SchM_Exit_Mcu_MCU_EXCLUSIVE_AREA_01
                0x00407d2c                SchM_Enter_Mcu_MCU_EXCLUSIVE_AREA_02
                0x00407d60                SchM_Exit_Mcu_MCU_EXCLUSIVE_AREA_02
 .mcal_text     0x00407d90      0xaf0 ./RTD/src/SchM_Port.o
                0x00407d90                SchM_Enter_Port_PORT_EXCLUSIVE_AREA_00
                0x00407dc4                SchM_Exit_Port_PORT_EXCLUSIVE_AREA_00
                0x00407df4                SchM_Enter_Port_PORT_EXCLUSIVE_AREA_01
                0x00407e28                SchM_Exit_Port_PORT_EXCLUSIVE_AREA_01
                0x00407e58                SchM_Enter_Port_PORT_EXCLUSIVE_AREA_02
                0x00407e8c                SchM_Exit_Port_PORT_EXCLUSIVE_AREA_02
                0x00407ebc                SchM_Enter_Port_PORT_EXCLUSIVE_AREA_03
                0x00407ef0                SchM_Exit_Port_PORT_EXCLUSIVE_AREA_03
                0x00407f20                SchM_Enter_Port_PORT_EXCLUSIVE_AREA_04
                0x00407f54                SchM_Exit_Port_PORT_EXCLUSIVE_AREA_04
                0x00407f84                SchM_Enter_Port_PORT_EXCLUSIVE_AREA_05
                0x00407fb8                SchM_Exit_Port_PORT_EXCLUSIVE_AREA_05
                0x00407fe8                SchM_Enter_Port_PORT_EXCLUSIVE_AREA_06
                0x0040801c                SchM_Exit_Port_PORT_EXCLUSIVE_AREA_06
                0x0040804c                SchM_Enter_Port_PORT_EXCLUSIVE_AREA_07
                0x00408080                SchM_Exit_Port_PORT_EXCLUSIVE_AREA_07
                0x004080b0                SchM_Enter_Port_PORT_EXCLUSIVE_AREA_08
                0x004080e4                SchM_Exit_Port_PORT_EXCLUSIVE_AREA_08
                0x00408114                SchM_Enter_Port_PORT_EXCLUSIVE_AREA_09
                0x00408148                SchM_Exit_Port_PORT_EXCLUSIVE_AREA_09
                0x00408178                SchM_Enter_Port_PORT_EXCLUSIVE_AREA_10
                0x004081ac                SchM_Exit_Port_PORT_EXCLUSIVE_AREA_10
                0x004081dc                SchM_Enter_Port_PORT_EXCLUSIVE_AREA_11
                0x00408210                SchM_Exit_Port_PORT_EXCLUSIVE_AREA_11
                0x00408240                SchM_Enter_Port_PORT_EXCLUSIVE_AREA_12
                0x00408274                SchM_Exit_Port_PORT_EXCLUSIVE_AREA_12
                0x004082a4                SchM_Enter_Port_PORT_EXCLUSIVE_AREA_13
                0x004082d8                SchM_Exit_Port_PORT_EXCLUSIVE_AREA_13
                0x00408308                SchM_Enter_Port_PORT_EXCLUSIVE_AREA_14
                0x0040833c                SchM_Exit_Port_PORT_EXCLUSIVE_AREA_14
                0x0040836c                SchM_Enter_Port_PORT_EXCLUSIVE_AREA_15
                0x004083a0                SchM_Exit_Port_PORT_EXCLUSIVE_AREA_15
                0x004083d0                SchM_Enter_Port_PORT_EXCLUSIVE_AREA_16
                0x00408404                SchM_Exit_Port_PORT_EXCLUSIVE_AREA_16
                0x00408434                SchM_Enter_Port_PORT_EXCLUSIVE_AREA_17
                0x00408468                SchM_Exit_Port_PORT_EXCLUSIVE_AREA_17
                0x00408498                SchM_Enter_Port_PORT_EXCLUSIVE_AREA_18
                0x004084cc                SchM_Exit_Port_PORT_EXCLUSIVE_AREA_18
                0x004084fc                SchM_Enter_Port_PORT_EXCLUSIVE_AREA_19
                0x00408530                SchM_Exit_Port_PORT_EXCLUSIVE_AREA_19
                0x00408560                SchM_Enter_Port_PORT_EXCLUSIVE_AREA_20
                0x00408594                SchM_Exit_Port_PORT_EXCLUSIVE_AREA_20
                0x004085c4                SchM_Enter_Port_PORT_EXCLUSIVE_AREA_21
                0x004085f8                SchM_Exit_Port_PORT_EXCLUSIVE_AREA_21
                0x00408628                SchM_Enter_Port_PORT_EXCLUSIVE_AREA_22
                0x0040865c                SchM_Exit_Port_PORT_EXCLUSIVE_AREA_22
                0x0040868c                SchM_Enter_Port_PORT_EXCLUSIVE_AREA_23
                0x004086c0                SchM_Exit_Port_PORT_EXCLUSIVE_AREA_23
                0x004086f0                SchM_Enter_Port_PORT_EXCLUSIVE_AREA_24
                0x00408724                SchM_Exit_Port_PORT_EXCLUSIVE_AREA_24
                0x00408754                SchM_Enter_Port_PORT_EXCLUSIVE_AREA_25
                0x00408788                SchM_Exit_Port_PORT_EXCLUSIVE_AREA_25
                0x004087b8                SchM_Enter_Port_PORT_EXCLUSIVE_AREA_26
                0x004087ec                SchM_Exit_Port_PORT_EXCLUSIVE_AREA_26
                0x0040881c                SchM_Enter_Port_PORT_EXCLUSIVE_AREA_27
                0x00408850                SchM_Exit_Port_PORT_EXCLUSIVE_AREA_27
 .mcal_text     0x00408880      0x190 ./RTD/src/Siul2_Dio_Ip.o
                0x004088b6                Siul2_Dio_Ip_WritePin
                0x0040890a                Siul2_Dio_Ip_WritePins
                0x00408922                Siul2_Dio_Ip_GetPinsOutput
                0x0040893a                Siul2_Dio_Ip_SetPins
                0x00408958                Siul2_Dio_Ip_ClearPins
                0x00408978                Siul2_Dio_Ip_TogglePins
                0x00408996                Siul2_Dio_Ip_ReadPins
                0x004089b0                Siul2_Dio_Ip_ReadPin
                0x004089e2                Siul2_Dio_Ip_MaskedWritePins
 .mcal_text     0x00408a10      0x458 ./RTD/src/Siul2_Port_Ip.o
                0x00408b64                Siul2_Port_Ip_Init
                0x00408b94                Siul2_Port_Ip_SetPullSel
                0x00408bf0                Siul2_Port_Ip_SetOutputBuffer
                0x00408c56                Siul2_Port_Ip_SetInputBuffer
                0x00408cc6                Siul2_Port_Ip_SetPinDirection
                0x00408d3e                Siul2_Port_Ip_RevertPinConfiguration
                0x00408da0                Siul2_Port_Ip_GetPinConfiguration
 .mcal_text     0x00408e68       0xd0 ./RTD/src/Tspc_Port_Ip.o
                0x00408e68                Tspc_Port_Ip_EnableObeGroup
                0x00408e98                Tspc_Port_Ip_ConfigureObeGroup
                0x00408f38                . = ALIGN (0x4)
 *(.acmcu_code_rom)
                0x00408f38                . = ALIGN (0x4)
                0x00408f38                __acfls_code_rom_start = .
 *(.acfls_code_rom)
 .acfls_code_rom
                0x00408f38       0x58 ./RTD/src/Clock_Ip_Specific.o
                0x00408f38                Clock_Ip_PRAMCSetRamIWS
 .acfls_code_rom.__stub
                0x00408f90        0x8 linker stubs
                0x00408f98                . = ALIGN (0x4)
                0x00408f98                __acfls_code_rom_end = .
 *(.init)
                0x00408f98                . = ALIGN (0x4)
 *(.fini)
                0x00408f98                . = ALIGN (0x4)
 *(.rodata)
 .rodata        0x00408f98        0x5 ./FreeRTOS/Source/tasks.o
 .rodata        0x00408f9d        0x3 ./RTD/src/Clock_Ip_IntOsc.o
 .rodata        0x00408fa0        0x4 ./RTD/src/Siul2_Port_Ip.o
                0x00408fa0                Port_au32Siul2BaseAddr
 *(.rodata*)
 .rodata.str1.1
                0x00408fa4       0x14 ./FreeRTOS/Source/tasks.o
 .rodata.str1.1
                0x00408fb8        0xd ./FreeRTOS/Source/timers.o
 .rodata.str1.1
                0x00408fc5       0x6b ./src/main.o
                                 0x6d (size before relaxing)
 .rodata._global_impure_ptr
                0x00409030        0x4 c:/nxp/s32ds.3.5/s32ds/build_tools/gcc_v10.2/gcc-10.2-arm32-eabi/bin/../lib/gcc/arm-none-eabi/10.2.0/../../../../arm-none-eabi/lib/thumb/v7e-m+fp/hard\libc_nano.a(lib_a-impure.o)
                0x00409030                _global_impure_ptr
 .rodata._svfprintf_r.str1.1
                0x00409034       0x11 c:/nxp/s32ds.3.5/s32ds/build_tools/gcc_v10.2/gcc-10.2-arm32-eabi/bin/../lib/gcc/arm-none-eabi/10.2.0/../../../../arm-none-eabi/lib/thumb/v7e-m+fp/hard\libc_nano.a(lib_a-nano-svfprintf.o)
 .rodata._printf_i.str1.1
                0x00409045       0x22 c:/nxp/s32ds.3.5/s32ds/build_tools/gcc_v10.2/gcc-10.2-arm32-eabi/bin/../lib/gcc/arm-none-eabi/10.2.0/../../../../arm-none-eabi/lib/thumb/v7e-m+fp/hard\libc_nano.a(lib_a-nano-vfprintf_i.o)
                0x00409068                . = ALIGN (0x4)
 *fill*         0x00409067        0x1 
 *(.mcal_const_cfg)
 .mcal_const_cfg
                0x00409068       0xbc ./board/Siul2_Port_Ip_Cfg.o
                0x00409068                g_pin_mux_InitConfigArr0
 .mcal_const_cfg
                0x00409124      0x6c0 ./generate/src/Clock_Ip_Cfg.o
                0x00409124                Clock_Ip_aClockConfig
                0x004097e4                . = ALIGN (0x4)
 *(.mcal_const)
 .mcal_const    0x004097e4     0x119c ./RTD/src/Clock_Ip_Data.o
                0x004097e4                Clock_Ip_axGateInfo
                0x00409ebc                Clock_Ip_axFeatureExtensions
                0x0040a0dc                Clock_Ip_aeHwDfsName
                0x0040a0e0                Clock_Ip_aeHwPllName
                0x0040a0e8                Clock_Ip_aeSourceTypeClockName
                0x0040a154                Clock_Ip_apxMcMeTriggerPartitions
                0x0040a164                Clock_Ip_apxMcMeGetPartitions
                0x0040a174                Clock_Ip_apxMcMeSetPartitions
                0x0040a184                Clock_Ip_axCmuInfo
                0x0040a1f4                Clock_Ip_aeCmuNames
                0x0040a210                Clock_Ip_apxCmu
                0x0040a22c                Clock_Ip_apxPll
                0x0040a23c                Clock_Ip_apxXosc
                0x0040a244                Clock_Ip_apxCgmPcfs
                0x0040a248                Clock_Ip_apxCgm
                0x0040a298                Clock_Ip_au16SelectorEntryRtcHardwareValue
                0x0040a2ce                Clock_Ip_au16SelectorEntryHardwareValue
                0x0040a304                Clock_Ip_au8SoftwareMuxResetValue
                0x0040a3a1                Clock_Ip_au8ClockFeatures
                0x0040a926                Clock_Ip_au8CmuCallbackIndex
                0x0040a92f                Clock_Ip_au8PcfsCallbackIndex
                0x0040a938                Clock_Ip_au8SelectorCallbackIndex
                0x0040a941                Clock_Ip_au8PllCallbackIndex
                0x0040a94a                Clock_Ip_au8FractionalDividerCallbackIndex
                0x0040a953                Clock_Ip_au8GateCallbackIndex
                0x0040a95c                Clock_Ip_au8IrcoscCallbackIndex
                0x0040a965                Clock_Ip_au8XoscCallbackIndex
                0x0040a96e                Clock_Ip_au8DividerTriggerCallbackIndex
                0x0040a977                Clock_Ip_au8DividerCallbackIndex
 .mcal_const    0x0040a980       0x10 ./RTD/src/Clock_Ip_Divider.o
                0x0040a980                Clock_Ip_axDividerCallbacks
 .mcal_const    0x0040a990       0x10 ./RTD/src/Clock_Ip_DividerTrigger.o
                0x0040a990                Clock_Ip_axDividerTriggerCallbacks
 .mcal_const    0x0040a9a0       0x3c ./RTD/src/Clock_Ip_ExtOsc.o
                0x0040a9a0                Clock_Ip_axExtOscCallbacks
 .mcal_const    0x0040a9dc        0xc ./RTD/src/Clock_Ip_FracDiv.o
                0x0040a9dc                Clock_Ip_axFracDivCallbacks
 .mcal_const    0x0040a9e8       0x10 ./RTD/src/Clock_Ip_Gate.o
                0x0040a9e8                Clock_Ip_axGateCallbacks
 .mcal_const    0x0040a9f8       0x30 ./RTD/src/Clock_Ip_IntOsc.o
                0x0040a9f8                Clock_Ip_axIntOscCallbacks
 .mcal_const    0x0040aa28       0x20 ./RTD/src/Clock_Ip_Monitor.o
                0x0040aa28                Clock_Ip_axCmuCallbacks
 .mcal_const    0x0040aa48       0x3c ./RTD/src/Clock_Ip_Pll.o
                0x0040aa48                Clock_Ip_axPllCallbacks
 .mcal_const    0x0040aa84        0x8 ./RTD/src/Clock_Ip_ProgFreqSwitch.o
                0x0040aa84                Clock_Ip_axPcfsCallbacks
 .mcal_const    0x0040aa8c       0x28 ./RTD/src/Clock_Ip_Selector.o
                0x0040aa8c                Clock_Ip_axSelectorCallbacks
                0x0040aab4                . = ALIGN (0x4)
                0x0040aab4                __init_table = .
 *(.init_table)
 .init_table    0x0040aab4       0x4c ./Project_Settings/Startup_Code/startup_cm7.o
                0x0040ab00                . = ALIGN (0x4)
                0x0040ab00                __zero_table = .
 *(.zero_table)
 .zero_table    0x0040ab00       0x1c ./Project_Settings/Startup_Code/startup_cm7.o

.glue_7         0x0040ab1c        0x0
 .glue_7        0x0040ab1c        0x0 linker stubs

.glue_7t        0x0040ab1c        0x0
 .glue_7t       0x0040ab1c        0x0 linker stubs

.vfp11_veneer   0x0040ab1c        0x0
 .vfp11_veneer  0x0040ab1c        0x0 linker stubs

.v4_bx          0x0040ab1c        0x0
 .v4_bx         0x0040ab1c        0x0 linker stubs

.iplt           0x0040ab1c        0x0
 .iplt          0x0040ab1c        0x0 ./FreeRTOS/Source/event_groups.o

.rel.dyn        0x0040ab1c        0x0
 .rel.iplt      0x0040ab1c        0x0 ./FreeRTOS/Source/event_groups.o
                0x0040ab1c                . = ALIGN (0x4)
                0x0040ab1c                __text_end = .
                0x0040ab1c                __sram_data_rom = __text_end

.sram_bss       0x20400000     0x22f8
                0x20400000                . = ALIGN (0x8)
                0x20400000                __standby_ram_begin__ = .
 *(.standby_data)
                0x20400000                . = ALIGN (0x8)
                0x20400000                __standby_ram_end__ = .
                0x20400000                . = ALIGN (0x10)
                0x20400000                __sram_bss_start = .
 *(.bss)
 .bss           0x20400000        0x0 ./FreeRTOS/Source/croutine.o
 .bss           0x20400000        0x0 ./FreeRTOS/Source/event_groups.o
 .bss           0x20400000        0x0 ./FreeRTOS/Source/list.o
 .bss           0x20400000       0x10 ./FreeRTOS/Source/queue.o
                0x20400000                xQueueRegistry
 .bss           0x20400010        0x0 ./FreeRTOS/Source/stream_buffer.o
 .bss           0x20400010      0x104 ./FreeRTOS/Source/tasks.o
                0x20400014                pxCurrentTCB
 .bss           0x20400114       0x3c ./FreeRTOS/Source/timers.o
 .bss           0x20400150        0x8 ./FreeRTOS/Source/portable/GCC/ARM_CM7/r0p1/port.o
 .bss           0x20400158     0x2008 ./FreeRTOS/Source/portable/MemMang/heap_1.o
 .bss           0x20402160        0x0 ./Project_Settings/Startup_Code/Vector_Table.o
 .bss           0x20402160        0x0 ./Project_Settings/Startup_Code/exceptions.o
 .bss           0x20402160        0x0 ./Project_Settings/Startup_Code/nvic.o
 .bss           0x20402160        0x0 ./Project_Settings/Startup_Code/startup.o
 .bss           0x20402160        0x0 ./Project_Settings/Startup_Code/startup_cm7.o
 .bss           0x20402160       0x78 ./Project_Settings/Startup_Code/system.o
                0x20402160                rbar
                0x2040219c                rasr
 .bss           0x204021d8        0x0 ./RTD/src/Clock_Ip.o
 .bss           0x204021d8        0x0 ./RTD/src/Clock_Ip_Data.o
 .bss           0x204021d8        0x0 ./RTD/src/Clock_Ip_Divider.o
 .bss           0x204021d8        0x0 ./RTD/src/Clock_Ip_DividerTrigger.o
 .bss           0x204021d8        0x0 ./RTD/src/Clock_Ip_ExtOsc.o
 .bss           0x204021d8        0x0 ./RTD/src/Clock_Ip_FracDiv.o
 .bss           0x204021d8        0x0 ./RTD/src/Clock_Ip_Frequency.o
 .bss           0x204021d8        0x0 ./RTD/src/Clock_Ip_Gate.o
 .bss           0x204021d8        0x0 ./RTD/src/Clock_Ip_IntOsc.o
 .bss           0x204021d8        0x0 ./RTD/src/Clock_Ip_Irq.o
 .bss           0x204021d8        0x0 ./RTD/src/Clock_Ip_Monitor.o
 .bss           0x204021d8        0x0 ./RTD/src/Clock_Ip_Pll.o
 .bss           0x204021d8        0x0 ./RTD/src/Clock_Ip_ProgFreqSwitch.o
 .bss           0x204021d8        0x0 ./RTD/src/Clock_Ip_Selector.o
 .bss           0x204021d8        0x0 ./RTD/src/Clock_Ip_Specific.o
 .bss           0x204021d8        0x0 ./RTD/src/Det.o
 .bss           0x204021d8        0x0 ./RTD/src/Det_stub.o
 .bss           0x204021d8        0x0 ./RTD/src/OsIf_Interrupts.o
 .bss           0x204021d8        0x0 ./RTD/src/OsIf_Timer.o
 .bss           0x204021d8        0x0 ./RTD/src/OsIf_Timer_System.o
 .bss           0x204021d8        0x0 ./RTD/src/OsIf_Timer_System_Internal_Systick.o
 .bss           0x204021d8        0x0 ./RTD/src/SchM_Dio.o
 .bss           0x204021d8        0x0 ./RTD/src/SchM_Mcu.o
 .bss           0x204021d8        0x0 ./RTD/src/SchM_Port.o
 .bss           0x204021d8        0x0 ./RTD/src/Siul2_Dio_Ip.o
 .bss           0x204021d8        0x0 ./RTD/src/Siul2_Port_Ip.o
 .bss           0x204021d8        0x0 ./RTD/src/Tspc_Port_Ip.o
 .bss           0x204021d8        0x0 ./board/Siul2_Port_Ip_Cfg.o
 .bss           0x204021d8        0x0 ./board/Tspc_Port_Ip_Cfg.o
 .bss           0x204021d8        0x0 ./generate/src/Clock_Ip_Cfg.o
 .bss           0x204021d8        0x0 ./generate/src/OsIf_Cfg.o
 *fill*         0x204021d8        0x8 
 .bss           0x204021e0       0x21 ./src/main.o
                0x204021e0                sem_handle
                0x204021f0                buffer
 .bss           0x20402201        0x0 ./src/uart.o
 .bss           0x20402201        0x0 ./src/uart_dma.o
 .bss           0x20402201        0x0 c:/nxp/s32ds.3.5/s32ds/build_tools/gcc_v10.2/gcc-10.2-arm32-eabi/bin/../lib/gcc/arm-none-eabi/10.2.0/../../../../arm-none-eabi/lib/thumb/v7e-m+fp/hard\libc_nano.a(lib_a-memcpy-stub.o)
 .bss           0x20402201        0x0 c:/nxp/s32ds.3.5/s32ds/build_tools/gcc_v10.2/gcc-10.2-arm32-eabi/bin/../lib/gcc/arm-none-eabi/10.2.0/../../../../arm-none-eabi/lib/thumb/v7e-m+fp/hard\libc_nano.a(lib_a-memmove.o)
 .bss           0x20402201        0x0 c:/nxp/s32ds.3.5/s32ds/build_tools/gcc_v10.2/gcc-10.2-arm32-eabi/bin/../lib/gcc/arm-none-eabi/10.2.0/../../../../arm-none-eabi/lib/thumb/v7e-m+fp/hard\libc_nano.a(lib_a-memset.o)
 .bss           0x20402201        0x0 c:/nxp/s32ds.3.5/s32ds/build_tools/gcc_v10.2/gcc-10.2-arm32-eabi/bin/../lib/gcc/arm-none-eabi/10.2.0/../../../../arm-none-eabi/lib/thumb/v7e-m+fp/hard\libc_nano.a(lib_a-sprintf.o)
 .bss           0x20402201        0x0 c:/nxp/s32ds.3.5/s32ds/build_tools/gcc_v10.2/gcc-10.2-arm32-eabi/bin/../lib/gcc/arm-none-eabi/10.2.0/../../../../arm-none-eabi/lib/thumb/v7e-m+fp/hard\libc_nano.a(lib_a-strcpy.o)
 .bss           0x20402201        0x0 c:/nxp/s32ds.3.5/s32ds/build_tools/gcc_v10.2/gcc-10.2-arm32-eabi/bin/../lib/gcc/arm-none-eabi/10.2.0/../../../../arm-none-eabi/lib/thumb/v7e-m+fp/hard\libc_nano.a(lib_a-strlen.o)
 .bss           0x20402201        0x0 c:/nxp/s32ds.3.5/s32ds/build_tools/gcc_v10.2/gcc-10.2-arm32-eabi/bin/../lib/gcc/arm-none-eabi/10.2.0/../../../../arm-none-eabi/lib/thumb/v7e-m+fp/hard\libc_nano.a(lib_a-impure.o)
 .bss           0x20402201        0x0 c:/nxp/s32ds.3.5/s32ds/build_tools/gcc_v10.2/gcc-10.2-arm32-eabi/bin/../lib/gcc/arm-none-eabi/10.2.0/../../../../arm-none-eabi/lib/thumb/v7e-m+fp/hard\libc_nano.a(lib_a-nano-svfprintf.o)
 .bss           0x20402201        0x0 c:/nxp/s32ds.3.5/s32ds/build_tools/gcc_v10.2/gcc-10.2-arm32-eabi/bin/../lib/gcc/arm-none-eabi/10.2.0/../../../../arm-none-eabi/lib/thumb/v7e-m+fp/hard\libc_nano.a(lib_a-nano-vfprintf_i.o)
 .bss           0x20402201        0x0 c:/nxp/s32ds.3.5/s32ds/build_tools/gcc_v10.2/gcc-10.2-arm32-eabi/bin/../lib/gcc/arm-none-eabi/10.2.0/../../../../arm-none-eabi/lib/thumb/v7e-m+fp/hard\libc_nano.a(lib_a-memchr.o)
 .bss           0x20402201        0x0 c:/nxp/s32ds.3.5/s32ds/build_tools/gcc_v10.2/gcc-10.2-arm32-eabi/bin/../lib/gcc/arm-none-eabi/10.2.0/../../../../arm-none-eabi/lib/thumb/v7e-m+fp/hard\libc_nano.a(lib_a-nano-freer.o)
 .bss           0x20402201        0x0 c:/nxp/s32ds.3.5/s32ds/build_tools/gcc_v10.2/gcc-10.2-arm32-eabi/bin/../lib/gcc/arm-none-eabi/10.2.0/../../../../arm-none-eabi/lib/thumb/v7e-m+fp/hard\libc_nano.a(lib_a-nano-mallocr.o)
 .bss           0x20402201        0x0 c:/nxp/s32ds.3.5/s32ds/build_tools/gcc_v10.2/gcc-10.2-arm32-eabi/bin/../lib/gcc/arm-none-eabi/10.2.0/../../../../arm-none-eabi/lib/thumb/v7e-m+fp/hard\libc_nano.a(lib_a-nano-reallocr.o)
 .bss           0x20402201        0x0 c:/nxp/s32ds.3.5/s32ds/build_tools/gcc_v10.2/gcc-10.2-arm32-eabi/bin/../lib/gcc/arm-none-eabi/10.2.0/../../../../arm-none-eabi/lib/thumb/v7e-m+fp/hard\libc_nano.a(lib_a-sbrkr.o)
 .bss           0x20402201        0x0 c:/nxp/s32ds.3.5/s32ds/build_tools/gcc_v10.2/gcc-10.2-arm32-eabi/bin/../lib/gcc/arm-none-eabi/10.2.0/../../../../arm-none-eabi/lib/thumb/v7e-m+fp/hard\libc_nano.a(lib_a-mlock.o)
 .bss           0x20402201        0x0 c:/nxp/s32ds.3.5/s32ds/build_tools/gcc_v10.2/gcc-10.2-arm32-eabi/bin/../lib/gcc/arm-none-eabi/10.2.0/../../../../arm-none-eabi/lib/thumb/v7e-m+fp/hard\libc_nano.a(lib_a-nano-msizer.o)
 .bss           0x20402201        0x0 c:/nxp/s32ds.3.5/s32ds/build_tools/gcc_v10.2/gcc-10.2-arm32-eabi/bin/../lib/gcc/arm-none-eabi/10.2.0/../../../../arm-none-eabi/lib/thumb/v7e-m+fp/hard\libc_nano.a(lib_a-reent.o)
 .bss           0x20402201        0x0 c:/nxp/s32ds.3.5/s32ds/build_tools/gcc_v10.2/gcc-10.2-arm32-eabi/bin/../lib/gcc/arm-none-eabi/10.2.0/../../../../arm-none-eabi/lib/thumb/v7e-m+fp/hard\libnosys.a(sbrk.o)
 *(.bss*)
 *fill*         0x20402201        0x3 
 .bss.__malloc_free_list
                0x20402204        0x4 c:/nxp/s32ds.3.5/s32ds/build_tools/gcc_v10.2/gcc-10.2-arm32-eabi/bin/../lib/gcc/arm-none-eabi/10.2.0/../../../../arm-none-eabi/lib/thumb/v7e-m+fp/hard\libc_nano.a(lib_a-nano-mallocr.o)
                0x20402204                __malloc_free_list
 .bss.__malloc_sbrk_start
                0x20402208        0x4 c:/nxp/s32ds.3.5/s32ds/build_tools/gcc_v10.2/gcc-10.2-arm32-eabi/bin/../lib/gcc/arm-none-eabi/10.2.0/../../../../arm-none-eabi/lib/thumb/v7e-m+fp/hard\libc_nano.a(lib_a-nano-mallocr.o)
                0x20402208                __malloc_sbrk_start
 .bss.errno     0x2040220c        0x4 c:/nxp/s32ds.3.5/s32ds/build_tools/gcc_v10.2/gcc-10.2-arm32-eabi/bin/../lib/gcc/arm-none-eabi/10.2.0/../../../../arm-none-eabi/lib/thumb/v7e-m+fp/hard\libc_nano.a(lib_a-reent.o)
                0x2040220c                errno
 .bss.heap_end.0
                0x20402210        0x4 c:/nxp/s32ds.3.5/s32ds/build_tools/gcc_v10.2/gcc-10.2-arm32-eabi/bin/../lib/gcc/arm-none-eabi/10.2.0/../../../../arm-none-eabi/lib/thumb/v7e-m+fp/hard\libnosys.a(sbrk.o)
                0x20402220                . = ALIGN (0x10)
 *fill*         0x20402214        0xc 
 *(.mcal_bss)
 .mcal_bss      0x20402220        0x4 ./Project_Settings/Startup_Code/system.o
                0x20402220                RESET_CATCH_CORE
 .mcal_bss      0x20402224       0xa9 ./RTD/src/Clock_Ip.o
                0x20402228                Clock_Ip_FreqIds
                0x204022c8                Clock_Ip_pxConfig
 *fill*         0x204022cd        0x3 
 .mcal_bss      0x204022d0       0x10 ./RTD/src/Clock_Ip_Monitor.o
 .mcal_bss      0x204022e0        0x4 ./RTD/src/Clock_Ip_ProgFreqSwitch.o
 .mcal_bss      0x204022e4        0xc ./RTD/src/Clock_Ip_Specific.o
 .mcal_bss      0x204022f0        0x8 ./RTD/src/Siul2_Port_Ip.o
                0x204022f8                . = ALIGN (0x4)
                0x204022f8                __sram_bss_end = .

.sram_data      0x204022f8      0x108 load address 0x0040ab1c
                0x204022f8                . = ALIGN (0x4)
                0x204022f8                __sram_data_begin__ = .
                0x204022f8                . = ALIGN (0x4)
 *(.ramcode)
 .ramcode       0x204022f8       0x90 ./RTD/src/Clock_Ip_Specific.o
                0x20402388                . = ALIGN (0x4)
 *(.data)
 .data          0x20402388        0x0 ./FreeRTOS/Source/croutine.o
 .data          0x20402388        0x0 ./FreeRTOS/Source/event_groups.o
 .data          0x20402388        0x0 ./FreeRTOS/Source/list.o
 .data          0x20402388        0x0 ./FreeRTOS/Source/queue.o
 .data          0x20402388        0x0 ./FreeRTOS/Source/stream_buffer.o
 .data          0x20402388        0x4 ./FreeRTOS/Source/tasks.o
                0x20402388                uxTopUsedPriority
 .data          0x2040238c        0x0 ./FreeRTOS/Source/timers.o
 .data          0x2040238c        0x4 ./FreeRTOS/Source/portable/GCC/ARM_CM7/r0p1/port.o
 .data          0x20402390        0x0 ./FreeRTOS/Source/portable/MemMang/heap_1.o
 .data          0x20402390        0x0 ./Project_Settings/Startup_Code/Vector_Table.o
 .data          0x20402390        0x0 ./Project_Settings/Startup_Code/exceptions.o
 .data          0x20402390        0x0 ./Project_Settings/Startup_Code/nvic.o
 .data          0x20402390        0x0 ./Project_Settings/Startup_Code/startup.o
 .data          0x20402390        0x0 ./Project_Settings/Startup_Code/startup_cm7.o
 .data          0x20402390        0x0 ./Project_Settings/Startup_Code/system.o
 .data          0x20402390        0x4 ./RTD/src/Clock_Ip.o
 .data          0x20402394        0x0 ./RTD/src/Clock_Ip_Data.o
 .data          0x20402394        0x0 ./RTD/src/Clock_Ip_Divider.o
 .data          0x20402394        0x0 ./RTD/src/Clock_Ip_DividerTrigger.o
 .data          0x20402394        0x0 ./RTD/src/Clock_Ip_ExtOsc.o
 .data          0x20402394        0x0 ./RTD/src/Clock_Ip_FracDiv.o
 .data          0x20402394        0x0 ./RTD/src/Clock_Ip_Frequency.o
 .data          0x20402394        0x0 ./RTD/src/Clock_Ip_Gate.o
 .data          0x20402394        0x0 ./RTD/src/Clock_Ip_IntOsc.o
 .data          0x20402394        0x0 ./RTD/src/Clock_Ip_Irq.o
 .data          0x20402394        0x0 ./RTD/src/Clock_Ip_Monitor.o
 .data          0x20402394        0x0 ./RTD/src/Clock_Ip_Pll.o
 .data          0x20402394        0x0 ./RTD/src/Clock_Ip_ProgFreqSwitch.o
 .data          0x20402394        0x0 ./RTD/src/Clock_Ip_Selector.o
 .data          0x20402394        0x0 ./RTD/src/Clock_Ip_Specific.o
 .data          0x20402394        0x0 ./RTD/src/Det.o
 .data          0x20402394        0x0 ./RTD/src/Det_stub.o
 .data          0x20402394        0x0 ./RTD/src/OsIf_Interrupts.o
 .data          0x20402394        0x0 ./RTD/src/OsIf_Timer.o
 .data          0x20402394        0x0 ./RTD/src/OsIf_Timer_System.o
 .data          0x20402394        0x0 ./RTD/src/OsIf_Timer_System_Internal_Systick.o
 .data          0x20402394        0x0 ./RTD/src/SchM_Dio.o
 .data          0x20402394        0x0 ./RTD/src/SchM_Mcu.o
 .data          0x20402394        0x0 ./RTD/src/SchM_Port.o
 .data          0x20402394        0x0 ./RTD/src/Siul2_Dio_Ip.o
 .data          0x20402394        0x0 ./RTD/src/Siul2_Port_Ip.o
 .data          0x20402394        0x0 ./RTD/src/Tspc_Port_Ip.o
 .data          0x20402394        0x0 ./board/Siul2_Port_Ip_Cfg.o
 .data          0x20402394        0x0 ./board/Tspc_Port_Ip_Cfg.o
 .data          0x20402394        0x0 ./generate/src/Clock_Ip_Cfg.o
 .data          0x20402394        0x0 ./generate/src/OsIf_Cfg.o
 .data          0x20402394        0x4 ./src/main.o
                0x20402394                testResult
 .data          0x20402398        0x0 ./src/uart.o
 .data          0x20402398        0x0 ./src/uart_dma.o
 .data          0x20402398        0x0 c:/nxp/s32ds.3.5/s32ds/build_tools/gcc_v10.2/gcc-10.2-arm32-eabi/bin/../lib/gcc/arm-none-eabi/10.2.0/../../../../arm-none-eabi/lib/thumb/v7e-m+fp/hard\libc_nano.a(lib_a-memcpy-stub.o)
 .data          0x20402398        0x0 c:/nxp/s32ds.3.5/s32ds/build_tools/gcc_v10.2/gcc-10.2-arm32-eabi/bin/../lib/gcc/arm-none-eabi/10.2.0/../../../../arm-none-eabi/lib/thumb/v7e-m+fp/hard\libc_nano.a(lib_a-memmove.o)
 .data          0x20402398        0x0 c:/nxp/s32ds.3.5/s32ds/build_tools/gcc_v10.2/gcc-10.2-arm32-eabi/bin/../lib/gcc/arm-none-eabi/10.2.0/../../../../arm-none-eabi/lib/thumb/v7e-m+fp/hard\libc_nano.a(lib_a-memset.o)
 .data          0x20402398        0x0 c:/nxp/s32ds.3.5/s32ds/build_tools/gcc_v10.2/gcc-10.2-arm32-eabi/bin/../lib/gcc/arm-none-eabi/10.2.0/../../../../arm-none-eabi/lib/thumb/v7e-m+fp/hard\libc_nano.a(lib_a-sprintf.o)
 .data          0x20402398        0x0 c:/nxp/s32ds.3.5/s32ds/build_tools/gcc_v10.2/gcc-10.2-arm32-eabi/bin/../lib/gcc/arm-none-eabi/10.2.0/../../../../arm-none-eabi/lib/thumb/v7e-m+fp/hard\libc_nano.a(lib_a-strcpy.o)
 .data          0x20402398        0x0 c:/nxp/s32ds.3.5/s32ds/build_tools/gcc_v10.2/gcc-10.2-arm32-eabi/bin/../lib/gcc/arm-none-eabi/10.2.0/../../../../arm-none-eabi/lib/thumb/v7e-m+fp/hard\libc_nano.a(lib_a-strlen.o)
 .data          0x20402398        0x0 c:/nxp/s32ds.3.5/s32ds/build_tools/gcc_v10.2/gcc-10.2-arm32-eabi/bin/../lib/gcc/arm-none-eabi/10.2.0/../../../../arm-none-eabi/lib/thumb/v7e-m+fp/hard\libc_nano.a(lib_a-impure.o)
 .data          0x20402398        0x0 c:/nxp/s32ds.3.5/s32ds/build_tools/gcc_v10.2/gcc-10.2-arm32-eabi/bin/../lib/gcc/arm-none-eabi/10.2.0/../../../../arm-none-eabi/lib/thumb/v7e-m+fp/hard\libc_nano.a(lib_a-nano-svfprintf.o)
 .data          0x20402398        0x0 c:/nxp/s32ds.3.5/s32ds/build_tools/gcc_v10.2/gcc-10.2-arm32-eabi/bin/../lib/gcc/arm-none-eabi/10.2.0/../../../../arm-none-eabi/lib/thumb/v7e-m+fp/hard\libc_nano.a(lib_a-nano-vfprintf_i.o)
 .data          0x20402398        0x0 c:/nxp/s32ds.3.5/s32ds/build_tools/gcc_v10.2/gcc-10.2-arm32-eabi/bin/../lib/gcc/arm-none-eabi/10.2.0/../../../../arm-none-eabi/lib/thumb/v7e-m+fp/hard\libc_nano.a(lib_a-memchr.o)
 .data          0x20402398        0x0 c:/nxp/s32ds.3.5/s32ds/build_tools/gcc_v10.2/gcc-10.2-arm32-eabi/bin/../lib/gcc/arm-none-eabi/10.2.0/../../../../arm-none-eabi/lib/thumb/v7e-m+fp/hard\libc_nano.a(lib_a-nano-freer.o)
 .data          0x20402398        0x0 c:/nxp/s32ds.3.5/s32ds/build_tools/gcc_v10.2/gcc-10.2-arm32-eabi/bin/../lib/gcc/arm-none-eabi/10.2.0/../../../../arm-none-eabi/lib/thumb/v7e-m+fp/hard\libc_nano.a(lib_a-nano-mallocr.o)
 .data          0x20402398        0x0 c:/nxp/s32ds.3.5/s32ds/build_tools/gcc_v10.2/gcc-10.2-arm32-eabi/bin/../lib/gcc/arm-none-eabi/10.2.0/../../../../arm-none-eabi/lib/thumb/v7e-m+fp/hard\libc_nano.a(lib_a-nano-reallocr.o)
 .data          0x20402398        0x0 c:/nxp/s32ds.3.5/s32ds/build_tools/gcc_v10.2/gcc-10.2-arm32-eabi/bin/../lib/gcc/arm-none-eabi/10.2.0/../../../../arm-none-eabi/lib/thumb/v7e-m+fp/hard\libc_nano.a(lib_a-sbrkr.o)
 .data          0x20402398        0x0 c:/nxp/s32ds.3.5/s32ds/build_tools/gcc_v10.2/gcc-10.2-arm32-eabi/bin/../lib/gcc/arm-none-eabi/10.2.0/../../../../arm-none-eabi/lib/thumb/v7e-m+fp/hard\libc_nano.a(lib_a-mlock.o)
 .data          0x20402398        0x0 c:/nxp/s32ds.3.5/s32ds/build_tools/gcc_v10.2/gcc-10.2-arm32-eabi/bin/../lib/gcc/arm-none-eabi/10.2.0/../../../../arm-none-eabi/lib/thumb/v7e-m+fp/hard\libc_nano.a(lib_a-nano-msizer.o)
 .data          0x20402398        0x0 c:/nxp/s32ds.3.5/s32ds/build_tools/gcc_v10.2/gcc-10.2-arm32-eabi/bin/../lib/gcc/arm-none-eabi/10.2.0/../../../../arm-none-eabi/lib/thumb/v7e-m+fp/hard\libc_nano.a(lib_a-reent.o)
 .data          0x20402398        0x0 c:/nxp/s32ds.3.5/s32ds/build_tools/gcc_v10.2/gcc-10.2-arm32-eabi/bin/../lib/gcc/arm-none-eabi/10.2.0/../../../../arm-none-eabi/lib/thumb/v7e-m+fp/hard\libnosys.a(sbrk.o)
 *(.data*)
 .data._impure_ptr
                0x20402398        0x4 c:/nxp/s32ds.3.5/s32ds/build_tools/gcc_v10.2/gcc-10.2-arm32-eabi/bin/../lib/gcc/arm-none-eabi/10.2.0/../../../../arm-none-eabi/lib/thumb/v7e-m+fp/hard\libc_nano.a(lib_a-impure.o)
                0x20402398                _impure_ptr
 .data.impure_data
                0x2040239c       0x60 c:/nxp/s32ds.3.5/s32ds/build_tools/gcc_v10.2/gcc-10.2-arm32-eabi/bin/../lib/gcc/arm-none-eabi/10.2.0/../../../../arm-none-eabi/lib/thumb/v7e-m+fp/hard\libc_nano.a(lib_a-impure.o)
                0x204023fc                . = ALIGN (0x4)
 *(.mcal_data)
 .mcal_data     0x204023fc        0x4 ./RTD/src/Siul2_Dio_Ip.o
                0x204023fc                Siul2_Dio_Ip_au32BaseAdresses
                0x20402400                . = ALIGN (0x4)
                0x20402400                __sram_data_end__ = .
                0x0040ac24                __sram_data_rom_end = (__sram_data_rom + (__sram_data_end__ - __sram_data_begin__))

.heap           0x20402400     0x2000 load address 0x0040ac24
                0x00000000                . = (. + ALIGN (0x4))
                0x20402400                _end = .
                0x20402400                end = .
                0x20402400                _heap_start = .
                0x00002000                . = (. + HEAP_SIZE)
 *fill*         0x20402400     0x2000 
                0x20404400                _heap_end = .

.acfls_code_ram
                0x2047ff00        0x0
                0x2047ff00                acfls_code_ram_start = .
 *(.acfls_code_ram)
                0x2047ff00                acfls_code_ram_stop = .
                0x0040ac24                __non_cacheable_data_rom = __sram_data_rom_end

.non_cacheable_data
                0x20480000        0x4 load address 0x0040ac24
                0x20480000                . = ALIGN (0x4)
                0x20480000                __non_cacheable_data_start__ = .
 *(.mcal_data_no_cacheable)
                0x20480000                . = ALIGN (0x4)
 *(.mcal_const_no_cacheable)
                0x20480000                . = ALIGN (0x4)
                0x20480000                HSE_LOOP_ADDR = .
                0x20480000        0x4 LONG 0x0
                0x20480004                __non_cacheable_data_end__ = .
                0x0040ac28                __non_cacheable_data_rom_end = (__non_cacheable_data_rom + (__non_cacheable_data_end__ - __non_cacheable_data_start__))

.igot.plt       0x20480004        0x0 load address 0x0040ac28
 .igot.plt      0x20480004        0x0 ./FreeRTOS/Source/event_groups.o

.non_cacheable_bss
                0x20480004      0x468 load address 0x0040ac28
                0x20480010                . = ALIGN (0x10)
 *fill*         0x20480004        0xc 
                0x20480010                __non_cacheable_bss_start = .
 *(.mcal_bss_no_cacheable)
 .mcal_bss_no_cacheable
                0x20480010       0x3c ./RTD/src/Det.o
                0x20480010                Det_TransientModuleId
                0x20480018                Det_ApiId
                0x2048001c                Det_TransientInstanceId
                0x20480020                Det_ErrorId
                0x20480024                Det_TransientApiId
                0x20480028                Det_RuntimeModuleId
                0x20480030                Det_TransientFaultId
                0x20480034                Det_RuntimeInstanceId
                0x20480038                Det_RuntimeApiId
                0x2048003c                Det_ModuleId
                0x20480044                Det_RuntimeErrorId
                0x20480048                Det_InstanceId
 .mcal_bss_no_cacheable
                0x2048004c       0x40 ./RTD/src/SchM_Dio.o
 .mcal_bss_no_cacheable
                0x2048008c       0x60 ./RTD/src/SchM_Mcu.o
 .mcal_bss_no_cacheable
                0x204800ec      0x380 ./RTD/src/SchM_Port.o
                0x2048046c                . = ALIGN (0x4)
                0x2048046c                __non_cacheable_bss_end = .

.int_results    0x204bbf00      0x100
                0x204bbf00                . = ALIGN (0x4)
 *(.int_results)
                0x204bc000                . = (. + 0x100)
 *fill*         0x204bbf00      0x100 
                0x0040ac28                __shareable_data_rom = __non_cacheable_data_rom_end

.shareable_data
                0x204bc000        0x0 load address 0x0040ac28
                0x204bc000                . = ALIGN (0x4)
                0x204bc000                __shareable_data_start__ = .
 *(.mcal_shared_data)
                0x204bc000                . = ALIGN (0x4)
                0x204bc000                __shareable_data_end__ = .
                0x0040ac28                __shareable_data_rom_end = (__shareable_data_rom + (__shareable_data_end__ - __shareable_data_start__))

.int_vector     0x20000000      0x408
                0x20000000                . = ALIGN (0x800)
                0x20000000                __interrupts_ram_start = .
                0x20000408                . = (. + (__interrupts_init_end - __interrupts_init_start))
 *fill*         0x20000000      0x408 
                0x20000408                . = ALIGN (0x4)
                0x20000408                __interrupts_ram_end = .
                0x0040ac28                __tcm_data_rom = __shareable_data_rom_end

.data_tcm_data  0x20000408        0x0 load address 0x0040ac28
                0x20000408                . = ALIGN (0x4)
                0x20000408                __dtcm_data_start__ = .
 *(.dtcm_data*)
                0x20000408                . = ALIGN (0x4)
                0x20000408                __dtcm_data_end__ = .
                0x0040ac28                __tcm_data_rom_end = (__tcm_data_rom + (__dtcm_data_end__ - __dtcm_data_start__))

.bss_tcm_data   0x20000408        0x0
                0x20000408                . = ALIGN (0x4)
                0x20000408                __dtcm_bss_start__ = .
 *(.dtcm_bss*)
                0x20000408                . = ALIGN (0x4)
                0x20000408                __dtcm_bss_end__ = .
                0x0040ac28                __tcm_code_rom_start = __tcm_data_rom_end

.itcm_text      0x00000000        0x0 load address 0x0040ac28
                0x00000000                . = ALIGN (0x4)
                0x00000000                __itcm_start__ = .
 *(.itcm_text*)
                0x00000000                . = ALIGN (0x4)
                0x00000000                __itcm_end__ = .
                0x0040ac28                __tcm_code_rom_end = (__tcm_code_rom_start + (__itcm_end__ - __itcm_start__))

.shareable_bss  0x204bc000        0x0
                0x204bc000                . = ALIGN (0x10)
                0x204bc000                __shareable_bss_start = .
 *(.mcal_shared_bss)
                0x204bc000                . = ALIGN (0x4)
                0x204bc000                __shareable_bss_end = .
                0x2000f000                __Stack_dtcm_end = ORIGIN (int_stack_dtcm)
                0x20010000                __Stack_dtcm_start = (ORIGIN (int_stack_dtcm) + LENGTH (int_stack_dtcm))
                0x20400000                __INT_SRAM_START = ORIGIN (int_sram)
                0x204c0000                __INT_SRAM_END = ORIGIN (ram_rsvd2)
                0x00000000                __INT_ITCM_START = ORIGIN (int_itcm)
                0x00010000                __INT_ITCM_END = (ORIGIN (int_itcm) + LENGTH (int_itcm))
                0x20000000                __INT_DTCM_START = ORIGIN (int_dtcm)
                0x20010000                __INT_DTCM_END = ((ORIGIN (int_dtcm) + LENGTH (int_dtcm)) + LENGTH (int_stack_dtcm))
                0x204bc000                __RAM_SHAREABLE_START = ORIGIN (int_sram_shareable)
                0x204c0000                __RAM_SHAREABLE_END = (ORIGIN (int_sram_shareable) + LENGTH (int_sram_shareable))
                0x0000000e                __RAM_SHAREABLE_SIZE = 0xe
                0x0040ac28                __ROM_SHAREABLE_START = __shareable_data_rom
                0x0040ac28                __ROM_SHAREABLE_END = __shareable_data_rom_end
                0x20480000                __RAM_NO_CACHEABLE_START = ORIGIN (int_sram_no_cacheable)
                0x204bbfff                __RAM_NO_CACHEABLE_END = (ORIGIN (int_sram_shareable) - 0x1)
                0x00000012                __RAM_NO_CACHEABLE_SIZE = 0x12
                0x0040ac24                __ROM_NO_CACHEABLE_START = __non_cacheable_data_rom
                0x0040ac28                __ROM_NO_CACHEABLE_END = __non_cacheable_data_rom_end
                0x204022f8                __RAM_CACHEABLE_START = __sram_data_begin__
                0x2047ffff                __RAM_CACHEABLE_END = (ORIGIN (int_sram_no_cacheable) - 0x1)
                0x00000013                __RAM_CACHEABLE_SIZE = 0x13
                0x0040ab1c                __ROM_CACHEABLE_START = __sram_data_rom
                0x0040ac24                __ROM_CACHEABLE_END = __sram_data_rom_end
                0x00400000                __ROM_CODE_START = ORIGIN (int_pflash)
                0x10000000                __ROM_DATA_START = ORIGIN (int_dflash)
                0x20400000                __BSS_SRAM_START = __sram_bss_start
                0x204022f8                __BSS_SRAM_END = __sram_bss_end
                0x000022f8                __BSS_SRAM_SIZE = (__sram_bss_end - __sram_bss_start)
                0x20480010                __BSS_SRAM_NC_START = __non_cacheable_bss_start
                0x0000045c                __BSS_SRAM_NC_SIZE = (__non_cacheable_bss_end - __non_cacheable_bss_start)
                0x2048046c                __BSS_SRAM_NC_END = __non_cacheable_bss_end
                0x204bc000                __BSS_SRAM_SH_START = __shareable_bss_start
                0x00000000                __BSS_SRAM_SH_SIZE = (__shareable_bss_end - __shareable_bss_start)
                0x204bc000                __BSS_SRAM_SH_END = __shareable_bss_end
                0x20000000                __RAM_INTERRUPT_START = __interrupts_ram_start
                0x00400800                __INIT_INTERRUPT_START = __interrupts_init_start
                0x00400c08                __INIT_INTERRUPT_END = __interrupts_init_end
                0x00000000                __RAM_ITCM_START = __itcm_start__
                0x0040ac28                __ROM_ITCM_START = __tcm_code_rom_start
                0x0040ac28                __ROM_ITCM_END = __tcm_code_rom_end
                0x20000408                __RAM_DTCM_DATA_START = __dtcm_data_start__
                0x0040ac28                __ROM_DTCM_DATA_START = __tcm_data_rom
                0x0040ac28                __ROM_DTCM_END = __tcm_data_rom_end
                0x0040aab4                __INIT_TABLE = __init_table
                0x0040ab00                __ZERO_TABLE = __zero_table
                0x00000001                __RAM_INIT = 0x1
                0x00000001                __ITCM_INIT = 0x1
                0x00000001                __DTCM_INIT = 0x1
                0x00408f38                Fls_ACEraseRomStart = __acfls_code_rom_start
                0x00408f98                Fls_ACEraseRomEnd = __acfls_code_rom_end
                0x00000018                Fls_ACEraseSize = ((__acfls_code_rom_end - __acfls_code_rom_start) / 0x4)
                0x00408f38                Fls_ACWriteRomStart = __acfls_code_rom_start
                0x00408f98                Fls_ACWriteRomEnd = __acfls_code_rom_end
                0x00000018                Fls_ACWriteSize = ((__acfls_code_rom_end - __acfls_code_rom_start) / 0x4)
                0x2047ff00                _ERASE_FUNC_ADDRESS_ = ADDR (.acfls_code_ram)
                0x2047ff00                _WRITE_FUNC_ADDRESS_ = ADDR (.acfls_code_ram)
                0x00400800                __ENTRY_VTABLE = __INIT_INTERRUPT_START
                0x00400800                __CORE0_VTOR = __INIT_INTERRUPT_START
                0x00400800                __CORE1_VTOR = __INIT_INTERRUPT_START
                0x00400800                __CORE2_VTOR = __INIT_INTERRUPT_START
                0x00000003                __INDEX_COPY_CORE2 = 0x3
                0x00000001                ASSERT ((__standby_ram_end__ <= __STANDBY_RAM_LIMIT_END), Memory for standby ram overflow)
OUTPUT(FreeRTOS_Toggle_Led_Example_S32K358.elf elf32-littlearm)
LOAD linker stubs

.debug_info     0x00000000    0x2612e
 .debug_info    0x00000000       0x6d ./FreeRTOS/Source/croutine.o
 .debug_info    0x0000006d      0xeed ./FreeRTOS/Source/event_groups.o
 .debug_info    0x00000f5a      0x2db ./FreeRTOS/Source/list.o
 .debug_info    0x00001235     0x255b ./FreeRTOS/Source/queue.o
 .debug_info    0x00003790     0x1d41 ./FreeRTOS/Source/stream_buffer.o
 .debug_info    0x000054d1     0x39c0 ./FreeRTOS/Source/tasks.o
 .debug_info    0x00008e91     0x15b0 ./FreeRTOS/Source/timers.o
 .debug_info    0x0000a441      0x560 ./FreeRTOS/Source/portable/GCC/ARM_CM7/r0p1/port.o
 .debug_info    0x0000a9a1      0x1f0 ./FreeRTOS/Source/portable/MemMang/heap_1.o
 .debug_info    0x0000ab91      0x137 ./Project_Settings/Startup_Code/exceptions.o
 .debug_info    0x0000acc8      0x768 ./Project_Settings/Startup_Code/nvic.o
 .debug_info    0x0000b430      0x36d ./Project_Settings/Startup_Code/startup.o
 .debug_info    0x0000b79d       0x22 ./Project_Settings/Startup_Code/startup_cm7.o
 .debug_info    0x0000b7bf      0xd1b ./Project_Settings/Startup_Code/system.o
 .debug_info    0x0000c4da     0x2033 ./RTD/src/Clock_Ip.o
 .debug_info    0x0000e50d     0x1841 ./RTD/src/Clock_Ip_Data.o
 .debug_info    0x0000fd4e      0xa9a ./RTD/src/Clock_Ip_Divider.o
 .debug_info    0x000107e8      0x878 ./RTD/src/Clock_Ip_DividerTrigger.o
 .debug_info    0x00011060      0xb27 ./RTD/src/Clock_Ip_ExtOsc.o
 .debug_info    0x00011b87      0x63b ./RTD/src/Clock_Ip_FracDiv.o
 .debug_info    0x000121c2      0x4a9 ./RTD/src/Clock_Ip_Frequency.o
 .debug_info    0x0001266b      0xa5c ./RTD/src/Clock_Ip_Gate.o
 .debug_info    0x000130c7      0xea2 ./RTD/src/Clock_Ip_IntOsc.o
 .debug_info    0x00013f69       0xb0 ./RTD/src/Clock_Ip_Irq.o
 .debug_info    0x00014019     0x1403 ./RTD/src/Clock_Ip_Monitor.o
 .debug_info    0x0001541c      0xc6d ./RTD/src/Clock_Ip_Pll.o
 .debug_info    0x00016089     0x1018 ./RTD/src/Clock_Ip_ProgFreqSwitch.o
 .debug_info    0x000170a1     0x10bf ./RTD/src/Clock_Ip_Selector.o
 .debug_info    0x00018160     0x1a63 ./RTD/src/Clock_Ip_Specific.o
 .debug_info    0x00019bc3      0x41e ./RTD/src/Det.o
 .debug_info    0x00019fe1      0x46f ./RTD/src/Det_stub.o
 .debug_info    0x0001a450       0x7b ./RTD/src/OsIf_Interrupts.o
 .debug_info    0x0001a4cb      0x2c5 ./RTD/src/OsIf_Timer.o
 .debug_info    0x0001a790       0x7b ./RTD/src/OsIf_Timer_System.o
 .debug_info    0x0001a80b      0x194 ./RTD/src/OsIf_Timer_System_Internal_Systick.o
 .debug_info    0x0001a99f      0x2cc ./RTD/src/SchM_Dio.o
 .debug_info    0x0001ac6b      0x399 ./RTD/src/SchM_Mcu.o
 .debug_info    0x0001b004     0x179e ./RTD/src/SchM_Port.o
 .debug_info    0x0001c7a2     0x26ed ./RTD/src/Siul2_Dio_Ip.o
 .debug_info    0x0001ee8f     0x337d ./RTD/src/Siul2_Port_Ip.o
 .debug_info    0x0002220c      0x345 ./RTD/src/Tspc_Port_Ip.o
 .debug_info    0x00022551     0x25d3 ./board/Siul2_Port_Ip_Cfg.o
 .debug_info    0x00024b24       0x7b ./board/Tspc_Port_Ip_Cfg.o
 .debug_info    0x00024b9f      0xe6c ./generate/src/Clock_Ip_Cfg.o
 .debug_info    0x00025a0b       0x7b ./generate/src/OsIf_Cfg.o
 .debug_info    0x00025a86      0x409 ./src/main.o
 .debug_info    0x00025e8f      0x141 ./src/uart.o
 .debug_info    0x00025fd0      0x15e ./src/uart_dma.o

.debug_abbrev   0x00000000     0x5010
 .debug_abbrev  0x00000000       0x29 ./FreeRTOS/Source/croutine.o
 .debug_abbrev  0x00000029      0x2fd ./FreeRTOS/Source/event_groups.o
 .debug_abbrev  0x00000326      0x109 ./FreeRTOS/Source/list.o
 .debug_abbrev  0x0000042f      0x388 ./FreeRTOS/Source/queue.o
 .debug_abbrev  0x000007b7      0x351 ./FreeRTOS/Source/stream_buffer.o
 .debug_abbrev  0x00000b08      0x490 ./FreeRTOS/Source/tasks.o
 .debug_abbrev  0x00000f98      0x3ab ./FreeRTOS/Source/timers.o
 .debug_abbrev  0x00001343      0x28a ./FreeRTOS/Source/portable/GCC/ARM_CM7/r0p1/port.o
 .debug_abbrev  0x000015cd      0x175 ./FreeRTOS/Source/portable/MemMang/heap_1.o
 .debug_abbrev  0x00001742       0x47 ./Project_Settings/Startup_Code/exceptions.o
 .debug_abbrev  0x00001789      0x102 ./Project_Settings/Startup_Code/nvic.o
 .debug_abbrev  0x0000188b      0x119 ./Project_Settings/Startup_Code/startup.o
 .debug_abbrev  0x000019a4       0x12 ./Project_Settings/Startup_Code/startup_cm7.o
 .debug_abbrev  0x000019b6      0x22b ./Project_Settings/Startup_Code/system.o
 .debug_abbrev  0x00001be1      0x39d ./RTD/src/Clock_Ip.o
 .debug_abbrev  0x00001f7e      0x14c ./RTD/src/Clock_Ip_Data.o
 .debug_abbrev  0x000020ca      0x21e ./RTD/src/Clock_Ip_Divider.o
 .debug_abbrev  0x000022e8      0x1b0 ./RTD/src/Clock_Ip_DividerTrigger.o
 .debug_abbrev  0x00002498      0x283 ./RTD/src/Clock_Ip_ExtOsc.o
 .debug_abbrev  0x0000271b      0x163 ./RTD/src/Clock_Ip_FracDiv.o
 .debug_abbrev  0x0000287e       0x92 ./RTD/src/Clock_Ip_Frequency.o
 .debug_abbrev  0x00002910      0x1ac ./RTD/src/Clock_Ip_Gate.o
 .debug_abbrev  0x00002abc      0x25d ./RTD/src/Clock_Ip_IntOsc.o
 .debug_abbrev  0x00002d19       0x6a ./RTD/src/Clock_Ip_Irq.o
 .debug_abbrev  0x00002d83      0x27d ./RTD/src/Clock_Ip_Monitor.o
 .debug_abbrev  0x00003000      0x28c ./RTD/src/Clock_Ip_Pll.o
 .debug_abbrev  0x0000328c      0x1aa ./RTD/src/Clock_Ip_ProgFreqSwitch.o
 .debug_abbrev  0x00003436      0x2f8 ./RTD/src/Clock_Ip_Selector.o
 .debug_abbrev  0x0000372e      0x31b ./RTD/src/Clock_Ip_Specific.o
 .debug_abbrev  0x00003a49      0x14e ./RTD/src/Det.o
 .debug_abbrev  0x00003b97       0xc5 ./RTD/src/Det_stub.o
 .debug_abbrev  0x00003c5c       0x29 ./RTD/src/OsIf_Interrupts.o
 .debug_abbrev  0x00003c85      0x1a7 ./RTD/src/OsIf_Timer.o
 .debug_abbrev  0x00003e2c       0x29 ./RTD/src/OsIf_Timer_System.o
 .debug_abbrev  0x00003e55      0x125 ./RTD/src/OsIf_Timer_System_Internal_Systick.o
 .debug_abbrev  0x00003f7a      0x124 ./RTD/src/SchM_Dio.o
 .debug_abbrev  0x0000409e      0x124 ./RTD/src/SchM_Mcu.o
 .debug_abbrev  0x000041c2      0x124 ./RTD/src/SchM_Port.o
 .debug_abbrev  0x000042e6      0x298 ./RTD/src/Siul2_Dio_Ip.o
 .debug_abbrev  0x0000457e      0x385 ./RTD/src/Siul2_Port_Ip.o
 .debug_abbrev  0x00004903      0x185 ./RTD/src/Tspc_Port_Ip.o
 .debug_abbrev  0x00004a88      0x146 ./board/Siul2_Port_Ip_Cfg.o
 .debug_abbrev  0x00004bce       0x29 ./board/Tspc_Port_Ip_Cfg.o
 .debug_abbrev  0x00004bf7      0x103 ./generate/src/Clock_Ip_Cfg.o
 .debug_abbrev  0x00004cfa       0x29 ./generate/src/OsIf_Cfg.o
 .debug_abbrev  0x00004d23      0x156 ./src/main.o
 .debug_abbrev  0x00004e79       0xd0 ./src/uart.o
 .debug_abbrev  0x00004f49       0xc7 ./src/uart_dma.o

.debug_aranges  0x00000000      0xbb8
 .debug_aranges
                0x00000000       0x18 ./FreeRTOS/Source/croutine.o
 .debug_aranges
                0x00000018       0x20 ./FreeRTOS/Source/event_groups.o
 .debug_aranges
                0x00000038       0x20 ./FreeRTOS/Source/list.o
 .debug_aranges
                0x00000058       0x20 ./FreeRTOS/Source/queue.o
 .debug_aranges
                0x00000078       0x20 ./FreeRTOS/Source/stream_buffer.o
 .debug_aranges
                0x00000098       0x20 ./FreeRTOS/Source/tasks.o
 .debug_aranges
                0x000000b8       0x20 ./FreeRTOS/Source/timers.o
 .debug_aranges
                0x000000d8       0x20 ./FreeRTOS/Source/portable/GCC/ARM_CM7/r0p1/port.o
 .debug_aranges
                0x000000f8       0x20 ./FreeRTOS/Source/portable/MemMang/heap_1.o
 .debug_aranges
                0x00000118       0x68 ./Project_Settings/Startup_Code/exceptions.o
 .debug_aranges
                0x00000180       0x38 ./Project_Settings/Startup_Code/nvic.o
 .debug_aranges
                0x000001b8       0x28 ./Project_Settings/Startup_Code/startup.o
 .debug_aranges
                0x000001e0       0x28 ./Project_Settings/Startup_Code/startup_cm7.o
 .debug_aranges
                0x00000208       0x38 ./Project_Settings/Startup_Code/system.o
 .debug_aranges
                0x00000240       0x98 ./RTD/src/Clock_Ip.o
 .debug_aranges
                0x000002d8       0x18 ./RTD/src/Clock_Ip_Data.o
 .debug_aranges
                0x000002f0       0x38 ./RTD/src/Clock_Ip_Divider.o
 .debug_aranges
                0x00000328       0x30 ./RTD/src/Clock_Ip_DividerTrigger.o
 .debug_aranges
                0x00000358       0x60 ./RTD/src/Clock_Ip_ExtOsc.o
 .debug_aranges
                0x000003b8       0x28 ./RTD/src/Clock_Ip_FracDiv.o
 .debug_aranges
                0x000003e0       0x20 ./RTD/src/Clock_Ip_Frequency.o
 .debug_aranges
                0x00000400       0x38 ./RTD/src/Clock_Ip_Gate.o
 .debug_aranges
                0x00000438       0x60 ./RTD/src/Clock_Ip_IntOsc.o
 .debug_aranges
                0x00000498       0x20 ./RTD/src/Clock_Ip_Irq.o
 .debug_aranges
                0x000004b8       0x60 ./RTD/src/Clock_Ip_Monitor.o
 .debug_aranges
                0x00000518       0x58 ./RTD/src/Clock_Ip_Pll.o
 .debug_aranges
                0x00000570       0x28 ./RTD/src/Clock_Ip_ProgFreqSwitch.o
 .debug_aranges
                0x00000598       0x58 ./RTD/src/Clock_Ip_Selector.o
 .debug_aranges
                0x000005f0       0x78 ./RTD/src/Clock_Ip_Specific.o
 .debug_aranges
                0x00000668       0x38 ./RTD/src/Det.o
 .debug_aranges
                0x000006a0       0x48 ./RTD/src/Det_stub.o
 .debug_aranges
                0x000006e8       0x18 ./RTD/src/OsIf_Interrupts.o
 .debug_aranges
                0x00000700       0x40 ./RTD/src/OsIf_Timer.o
 .debug_aranges
                0x00000740       0x18 ./RTD/src/OsIf_Timer_System.o
 .debug_aranges
                0x00000758       0x30 ./RTD/src/OsIf_Timer_System_Internal_Systick.o
 .debug_aranges
                0x00000788       0x40 ./RTD/src/SchM_Dio.o
 .debug_aranges
                0x000007c8       0x50 ./RTD/src/SchM_Mcu.o
 .debug_aranges
                0x00000818      0x1e0 ./RTD/src/SchM_Port.o
 .debug_aranges
                0x000009f8       0x70 ./RTD/src/Siul2_Dio_Ip.o
 .debug_aranges
                0x00000a68       0x60 ./RTD/src/Siul2_Port_Ip.o
 .debug_aranges
                0x00000ac8       0x28 ./RTD/src/Tspc_Port_Ip.o
 .debug_aranges
                0x00000af0       0x18 ./board/Siul2_Port_Ip_Cfg.o
 .debug_aranges
                0x00000b08       0x18 ./board/Tspc_Port_Ip_Cfg.o
 .debug_aranges
                0x00000b20       0x18 ./generate/src/Clock_Ip_Cfg.o
 .debug_aranges
                0x00000b38       0x18 ./generate/src/OsIf_Cfg.o
 .debug_aranges
                0x00000b50       0x28 ./src/main.o
 .debug_aranges
                0x00000b78       0x20 ./src/uart.o
 .debug_aranges
                0x00000b98       0x20 ./src/uart_dma.o

.debug_macro    0x00000000    0x6e871
 .debug_macro   0x00000000       0xde ./FreeRTOS/Source/croutine.o
 .debug_macro   0x000000de      0xa9c ./FreeRTOS/Source/croutine.o
 .debug_macro   0x00000b7a      0x16d ./FreeRTOS/Source/croutine.o
 .debug_macro   0x00000ce7       0x22 ./FreeRTOS/Source/croutine.o
 .debug_macro   0x00000d09       0x56 ./FreeRTOS/Source/croutine.o
 .debug_macro   0x00000d5f       0x51 ./FreeRTOS/Source/croutine.o
 .debug_macro   0x00000db0      0x103 ./FreeRTOS/Source/croutine.o
 .debug_macro   0x00000eb3       0x6a ./FreeRTOS/Source/croutine.o
 .debug_macro   0x00000f1d      0x1df ./FreeRTOS/Source/croutine.o
 .debug_macro   0x000010fc      0x1ba ./FreeRTOS/Source/croutine.o
 .debug_macro   0x000012b6      0x15a ./FreeRTOS/Source/croutine.o
 .debug_macro   0x00001410       0xcf ./FreeRTOS/Source/croutine.o
 .debug_macro   0x000014df       0x28 ./FreeRTOS/Source/croutine.o
 .debug_macro   0x00001507       0x1f ./FreeRTOS/Source/croutine.o
 .debug_macro   0x00001526       0x12 ./FreeRTOS/Source/croutine.o
 .debug_macro   0x00001538      0x471 ./FreeRTOS/Source/croutine.o
 .debug_macro   0x000019a9       0xc3 ./FreeRTOS/Source/croutine.o
 .debug_macro   0x00001a6c      0x120 ./FreeRTOS/Source/croutine.o
 .debug_macro   0x00001b8c       0x49 ./FreeRTOS/Source/croutine.o
 .debug_macro   0x00001bd5      0x1cf ./FreeRTOS/Source/event_groups.o
 .debug_macro   0x00001da4       0x18 ./FreeRTOS/Source/event_groups.o
 .debug_macro   0x00001dbc       0x52 ./FreeRTOS/Source/event_groups.o
 .debug_macro   0x00001e0e       0x5c ./FreeRTOS/Source/event_groups.o
 .debug_macro   0x00001e6a       0x35 ./FreeRTOS/Source/event_groups.o
 .debug_macro   0x00001e9f       0x34 ./FreeRTOS/Source/event_groups.o
 .debug_macro   0x00001ed3       0x16 ./FreeRTOS/Source/event_groups.o
 .debug_macro   0x00001ee9      0x10e ./FreeRTOS/Source/event_groups.o
 .debug_macro   0x00001ff7       0x86 ./FreeRTOS/Source/event_groups.o
 .debug_macro   0x0000207d       0x16 ./FreeRTOS/Source/event_groups.o
 .debug_macro   0x00002093       0x43 ./FreeRTOS/Source/event_groups.o
 .debug_macro   0x000020d6       0x57 ./FreeRTOS/Source/event_groups.o
 .debug_macro   0x0000212d       0x34 ./FreeRTOS/Source/event_groups.o
 .debug_macro   0x00002161       0x10 ./FreeRTOS/Source/event_groups.o
 .debug_macro   0x00002171       0x52 ./FreeRTOS/Source/event_groups.o
 .debug_macro   0x000021c3      0x182 ./FreeRTOS/Source/event_groups.o
 .debug_macro   0x00002345      0x356 ./FreeRTOS/Source/event_groups.o
 .debug_macro   0x0000269b       0x22 ./FreeRTOS/Source/event_groups.o
 .debug_macro   0x000026bd       0x91 ./FreeRTOS/Source/event_groups.o
 .debug_macro   0x0000274e      0x180 ./FreeRTOS/Source/list.o
 .debug_macro   0x000028ce      0x1fe ./FreeRTOS/Source/queue.o
 .debug_macro   0x00002acc       0x16 ./FreeRTOS/Source/queue.o
 .debug_macro   0x00002ae2       0x35 ./FreeRTOS/Source/queue.o
 .debug_macro   0x00002b17       0x80 ./FreeRTOS/Source/queue.o